Archive member included to satisfy reference by file (symbol)

d:/ac6/systemworkbench/plugins/fr.ac6.mcu.externaltools.arm-none.win32_1.7.0.201602121829/tools/compiler/bin/../lib/gcc/arm-none-eabi/5.2.1/../../../../arm-none-eabi/lib/armv7e-m/fpu/fpv5-sp-d16\libc_nano.a(lib_a-exit.o)
                              d:/ac6/systemworkbench/plugins/fr.ac6.mcu.externaltools.arm-none.win32_1.7.0.201602121829/tools/compiler/bin/../lib/gcc/arm-none-eabi/5.2.1/../../../../arm-none-eabi/lib/armv7e-m/fpu/fpv5-sp-d16/crt0.o (exit)
d:/ac6/systemworkbench/plugins/fr.ac6.mcu.externaltools.arm-none.win32_1.7.0.201602121829/tools/compiler/bin/../lib/gcc/arm-none-eabi/5.2.1/../../../../arm-none-eabi/lib/armv7e-m/fpu/fpv5-sp-d16\libc_nano.a(lib_a-impure.o)
                              d:/ac6/systemworkbench/plugins/fr.ac6.mcu.externaltools.arm-none.win32_1.7.0.201602121829/tools/compiler/bin/../lib/gcc/arm-none-eabi/5.2.1/../../../../arm-none-eabi/lib/armv7e-m/fpu/fpv5-sp-d16\libc_nano.a(lib_a-exit.o) (_global_impure_ptr)
d:/ac6/systemworkbench/plugins/fr.ac6.mcu.externaltools.arm-none.win32_1.7.0.201602121829/tools/compiler/bin/../lib/gcc/arm-none-eabi/5.2.1/../../../../arm-none-eabi/lib/armv7e-m/fpu/fpv5-sp-d16\libc_nano.a(lib_a-init.o)
                              d:/ac6/systemworkbench/plugins/fr.ac6.mcu.externaltools.arm-none.win32_1.7.0.201602121829/tools/compiler/bin/../lib/gcc/arm-none-eabi/5.2.1/../../../../arm-none-eabi/lib/armv7e-m/fpu/fpv5-sp-d16/crt0.o (__libc_init_array)
d:/ac6/systemworkbench/plugins/fr.ac6.mcu.externaltools.arm-none.win32_1.7.0.201602121829/tools/compiler/bin/../lib/gcc/arm-none-eabi/5.2.1/../../../../arm-none-eabi/lib/armv7e-m/fpu/fpv5-sp-d16\libc_nano.a(lib_a-memset.o)
                              d:/ac6/systemworkbench/plugins/fr.ac6.mcu.externaltools.arm-none.win32_1.7.0.201602121829/tools/compiler/bin/../lib/gcc/arm-none-eabi/5.2.1/../../../../arm-none-eabi/lib/armv7e-m/fpu/fpv5-sp-d16/crt0.o (memset)
d:/ac6/systemworkbench/plugins/fr.ac6.mcu.externaltools.arm-none.win32_1.7.0.201602121829/tools/compiler/bin/../lib/gcc/arm-none-eabi/5.2.1/../../../../arm-none-eabi/lib/armv7e-m/fpu/fpv5-sp-d16\libc_nano.a(lib_a-strcmp.o)
                              Src\main.o (strcmp)
d:/ac6/systemworkbench/plugins/fr.ac6.mcu.externaltools.arm-none.win32_1.7.0.201602121829/tools/compiler/bin/../lib/gcc/arm-none-eabi/5.2.1/../../../../arm-none-eabi/lib/armv7e-m/fpu/fpv5-sp-d16\libc_nano.a(lib_a-strlen.o)
                              Src\main.o (strlen)
d:/ac6/systemworkbench/plugins/fr.ac6.mcu.externaltools.arm-none.win32_1.7.0.201602121829/tools/compiler/bin/../lib/gcc/arm-none-eabi/5.2.1/../../../../arm-none-eabi/lib/armv7e-m/fpu/fpv5-sp-d16\libnosys.a(_exit.o)
                              d:/ac6/systemworkbench/plugins/fr.ac6.mcu.externaltools.arm-none.win32_1.7.0.201602121829/tools/compiler/bin/../lib/gcc/arm-none-eabi/5.2.1/../../../../arm-none-eabi/lib/armv7e-m/fpu/fpv5-sp-d16\libc_nano.a(lib_a-exit.o) (_exit)

Allocating common symbols
Common symbol       size              file

uwTick              0x4               Drivers\STM32F7xx_HAL_Driver\Src\stm32f7xx_hal.o
pFlash              0x1c              Drivers\STM32F7xx_HAL_Driver\Src\stm32f7xx_hal_flash.o
huart4              0x70              Src\main.o

Discarded input sections

 .text          0x00000000        0x0 d:/ac6/systemworkbench/plugins/fr.ac6.mcu.externaltools.arm-none.win32_1.7.0.201602121829/tools/compiler/bin/../lib/gcc/arm-none-eabi/5.2.1/armv7e-m/fpu/fpv5-sp-d16/crti.o
 .data          0x00000000        0x0 d:/ac6/systemworkbench/plugins/fr.ac6.mcu.externaltools.arm-none.win32_1.7.0.201602121829/tools/compiler/bin/../lib/gcc/arm-none-eabi/5.2.1/armv7e-m/fpu/fpv5-sp-d16/crti.o
 .bss           0x00000000        0x0 d:/ac6/systemworkbench/plugins/fr.ac6.mcu.externaltools.arm-none.win32_1.7.0.201602121829/tools/compiler/bin/../lib/gcc/arm-none-eabi/5.2.1/armv7e-m/fpu/fpv5-sp-d16/crti.o
 .data          0x00000000        0x4 d:/ac6/systemworkbench/plugins/fr.ac6.mcu.externaltools.arm-none.win32_1.7.0.201602121829/tools/compiler/bin/../lib/gcc/arm-none-eabi/5.2.1/armv7e-m/fpu/fpv5-sp-d16/crtbegin.o
 .text          0x00000000       0x74 d:/ac6/systemworkbench/plugins/fr.ac6.mcu.externaltools.arm-none.win32_1.7.0.201602121829/tools/compiler/bin/../lib/gcc/arm-none-eabi/5.2.1/../../../../arm-none-eabi/lib/armv7e-m/fpu/fpv5-sp-d16/crt0.o
 .data          0x00000000        0x0 d:/ac6/systemworkbench/plugins/fr.ac6.mcu.externaltools.arm-none.win32_1.7.0.201602121829/tools/compiler/bin/../lib/gcc/arm-none-eabi/5.2.1/../../../../arm-none-eabi/lib/armv7e-m/fpu/fpv5-sp-d16/crt0.o
 .bss           0x00000000        0x0 d:/ac6/systemworkbench/plugins/fr.ac6.mcu.externaltools.arm-none.win32_1.7.0.201602121829/tools/compiler/bin/../lib/gcc/arm-none-eabi/5.2.1/../../../../arm-none-eabi/lib/armv7e-m/fpu/fpv5-sp-d16/crt0.o
[...]
Memory Configuration

Name             Origin             Length             Attributes
RAM              0x20000000         0x00050000         xrw
FLASH            0x08000000         0x00100000         xr
*default*        0x00000000         0xffffffff

Linker script and memory map

LOAD d:/ac6/systemworkbench/plugins/fr.ac6.mcu.externaltools.arm-none.win32_1.7.0.201602121829/tools/compiler/bin/../lib/gcc/arm-none-eabi/5.2.1/armv7e-m/fpu/fpv5-sp-d16/crti.o
LOAD d:/ac6/systemworkbench/plugins/fr.ac6.mcu.externaltools.arm-none.win32_1.7.0.201602121829/tools/compiler/bin/../lib/gcc/arm-none-eabi/5.2.1/armv7e-m/fpu/fpv5-sp-d16/crtbegin.o
LOAD d:/ac6/systemworkbench/plugins/fr.ac6.mcu.externaltools.arm-none.win32_1.7.0.201602121829/tools/compiler/bin/../lib/gcc/arm-none-eabi/5.2.1/../../../../arm-none-eabi/lib/armv7e-m/fpu/fpv5-sp-d16/crt0.o
LOAD d:/ac6/systemworkbench/plugins/fr.ac6.mcu.externaltools.arm-none.win32_1.7.0.201602121829/tools/compiler/bin/../lib/gcc/arm-none-eabi/5.2.1/../../../../arm-none-eabi/lib/armv7e-m/fpu/fpv5-sp-d16\libm.a
LOAD Drivers\CMSIS\Device\ST\STM32F7xx\Source\Templates\gcc\startup_stm32f746xx.o
LOAD Drivers\CMSIS\Device\ST\STM32F7xx\Source\Templates\system_stm32f7xx.o
LOAD Drivers\STM32F7xx_HAL_Driver\Src\stm32f7xx_hal.o
LOAD Drivers\STM32F7xx_HAL_Driver\Src\stm32f7xx_hal_cortex.o
LOAD Drivers\STM32F7xx_HAL_Driver\Src\stm32f7xx_hal_dma.o
LOAD Drivers\STM32F7xx_HAL_Driver\Src\stm32f7xx_hal_dma_ex.o
LOAD Drivers\STM32F7xx_HAL_Driver\Src\stm32f7xx_hal_flash.o
LOAD Drivers\STM32F7xx_HAL_Driver\Src\stm32f7xx_hal_flash_ex.o
LOAD Drivers\STM32F7xx_HAL_Driver\Src\stm32f7xx_hal_gpio.o
LOAD Drivers\STM32F7xx_HAL_Driver\Src\stm32f7xx_hal_i2c.o
LOAD Drivers\STM32F7xx_HAL_Driver\Src\stm32f7xx_hal_i2c_ex.o
LOAD Drivers\STM32F7xx_HAL_Driver\Src\stm32f7xx_hal_pwr.o
LOAD Drivers\STM32F7xx_HAL_Driver\Src\stm32f7xx_hal_pwr_ex.o
LOAD Drivers\STM32F7xx_HAL_Driver\Src\stm32f7xx_hal_rcc.o
LOAD Drivers\STM32F7xx_HAL_Driver\Src\stm32f7xx_hal_rcc_ex.o
LOAD Drivers\STM32F7xx_HAL_Driver\Src\stm32f7xx_hal_tim.o
LOAD Drivers\STM32F7xx_HAL_Driver\Src\stm32f7xx_hal_tim_ex.o
LOAD Drivers\STM32F7xx_HAL_Driver\Src\stm32f7xx_hal_uart.o
LOAD Src\main.o
LOAD Src\stm32f7xx_hal_msp.o
LOAD Src\stm32f7xx_it.o
START GROUP
LOAD d:/ac6/systemworkbench/plugins/fr.ac6.mcu.externaltools.arm-none.win32_1.7.0.201602121829/tools/compiler/bin/../lib/gcc/arm-none-eabi/5.2.1/armv7e-m/fpu/fpv5-sp-d16\libgcc.a
LOAD d:/ac6/systemworkbench/plugins/fr.ac6.mcu.externaltools.arm-none.win32_1.7.0.201602121829/tools/compiler/bin/../lib/gcc/arm-none-eabi/5.2.1/../../../../arm-none-eabi/lib/armv7e-m/fpu/fpv5-sp-d16\libc_nano.a
END GROUP
START GROUP
LOAD d:/ac6/systemworkbench/plugins/fr.ac6.mcu.externaltools.arm-none.win32_1.7.0.201602121829/tools/compiler/bin/../lib/gcc/arm-none-eabi/5.2.1/armv7e-m/fpu/fpv5-sp-d16\libgcc.a
LOAD d:/ac6/systemworkbench/plugins/fr.ac6.mcu.externaltools.arm-none.win32_1.7.0.201602121829/tools/compiler/bin/../lib/gcc/arm-none-eabi/5.2.1/../../../../arm-none-eabi/lib/armv7e-m/fpu/fpv5-sp-d16\libc_nano.a
LOAD d:/ac6/systemworkbench/plugins/fr.ac6.mcu.externaltools.arm-none.win32_1.7.0.201602121829/tools/compiler/bin/../lib/gcc/arm-none-eabi/5.2.1/../../../../arm-none-eabi/lib/armv7e-m/fpu/fpv5-sp-d16\libnosys.a
END GROUP
START GROUP
LOAD d:/ac6/systemworkbench/plugins/fr.ac6.mcu.externaltools.arm-none.win32_1.7.0.201602121829/tools/compiler/bin/../lib/gcc/arm-none-eabi/5.2.1/armv7e-m/fpu/fpv5-sp-d16\libgcc.a
LOAD d:/ac6/systemworkbench/plugins/fr.ac6.mcu.externaltools.arm-none.win32_1.7.0.201602121829/tools/compiler/bin/../lib/gcc/arm-none-eabi/5.2.1/../../../../arm-none-eabi/lib/armv7e-m/fpu/fpv5-sp-d16\libc_nano.a
LOAD d:/ac6/systemworkbench/plugins/fr.ac6.mcu.externaltools.arm-none.win32_1.7.0.201602121829/tools/compiler/bin/../lib/gcc/arm-none-eabi/5.2.1/../../../../arm-none-eabi/lib/armv7e-m/fpu/fpv5-sp-d16\libnosys.a
END GROUP
LOAD d:/ac6/systemworkbench/plugins/fr.ac6.mcu.externaltools.arm-none.win32_1.7.0.201602121829/tools/compiler/bin/../lib/gcc/arm-none-eabi/5.2.1/armv7e-m/fpu/fpv5-sp-d16/crtend.o
LOAD d:/ac6/systemworkbench/plugins/fr.ac6.mcu.externaltools.arm-none.win32_1.7.0.201602121829/tools/compiler/bin/../lib/gcc/arm-none-eabi/5.2.1/armv7e-m/fpu/fpv5-sp-d16/crtn.o
                0x20050000                _estack = 0x20050000
                0x00000200                _Min_Heap_Size = 0x200
                0x00000400                _Min_Stack_Size = 0x400

.isr_vector     0x08000000      0x1c8
                0x08000000                . = ALIGN (0x4)
 *(.isr_vector)
 .isr_vector    0x08000000      0x1c8 Drivers\CMSIS\Device\ST\STM32F7xx\Source\Templates\gcc\startup_stm32f746xx.o
                0x08000000                g_pfnVectors
                0x080001c8                . = ALIGN (0x4)

.text           0x080001c8     0x1a90
                0x080001c8                . = ALIGN (0x4)
 *(.text)
 .text          0x080001c8       0xa4 d:/ac6/systemworkbench/plugins/fr.ac6.mcu.externaltools.arm-none.win32_1.7.0.201602121829/tools/compiler/bin/../lib/gcc/arm-none-eabi/5.2.1/armv7e-m/fpu/fpv5-sp-d16/crtbegin.o
 .text          0x0800026c       0x14 d:/ac6/systemworkbench/plugins/fr.ac6.mcu.externaltools.arm-none.win32_1.7.0.201602121829/tools/compiler/bin/../lib/gcc/arm-none-eabi/5.2.1/../../../../arm-none-eabi/lib/armv7e-m/fpu/fpv5-sp-d16\libc_nano.a(lib_a-strcmp.o)
                0x0800026c                strcmp
 .text          0x08000280       0x10 d:/ac6/systemworkbench/plugins/fr.ac6.mcu.externaltools.arm-none.win32_1.7.0.201602121829/tools/compiler/bin/../lib/gcc/arm-none-eabi/5.2.1/../../../../arm-none-eabi/lib/armv7e-m/fpu/fpv5-sp-d16\libc_nano.a(lib_a-strlen.o)
                0x08000280                strlen
 *(.text*)
 .text.Reset_Handler
                0x08000290       0x50 Drivers\CMSIS\Device\ST\STM32F7xx\Source\Templates\gcc\startup_stm32f746xx.o
                0x08000290                Reset_Handler
 .text.Default_Handler
                0x080002e0        0x2 Drivers\CMSIS\Device\ST\STM32F7xx\Source\Templates\gcc\startup_stm32f746xx.o
                0x080002e0                RTC_Alarm_IRQHandler
                0x080002e0                EXTI2_IRQHandler
                0x080002e0                TIM8_CC_IRQHandler
                0x080002e0                DebugMon_Handler
                0x080002e0                UART8_IRQHandler
                0x080002e0                SPI4_IRQHandler
                0x080002e0                TIM1_CC_IRQHandler
                0x080002e0                DMA2_Stream5_IRQHandler
                0x080002e0                HardFault_Handler
                0x080002e0                DMA1_Stream5_IRQHandler
                0x080002e0                PVD_IRQHandler
                0x080002e0                TAMP_STAMP_IRQHandler
                0x080002e0                NMI_Handler
                0x080002e0                CAN2_RX1_IRQHandler
                0x080002e0                EXTI3_IRQHandler
                0x080002e0                TIM8_TRG_COM_TIM14_IRQHandler
                0x080002e0                TIM1_UP_TIM10_IRQHandler
                0x080002e0                TIM8_UP_TIM13_IRQHandler
                0x080002e0                I2C3_ER_IRQHandler
                0x080002e0                EXTI0_IRQHandler
                0x080002e0                I2C2_EV_IRQHandler
                0x080002e0                DMA1_Stream2_IRQHandler
                0x080002e0                CAN1_RX0_IRQHandler
                0x080002e0                FPU_IRQHandler
                0x080002e0                OTG_HS_WKUP_IRQHandler
                0x080002e0                UsageFault_Handler
                0x080002e0                LTDC_ER_IRQHandler
                0x080002e0                CAN2_SCE_IRQHandler
                0x080002e0                DMA2_Stream2_IRQHandler
                0x080002e0                SPI1_IRQHandler
                0x080002e0                TIM6_DAC_IRQHandler
                0x080002e0                TIM1_BRK_TIM9_IRQHandler
                0x080002e0                DCMI_IRQHandler
                0x080002e0                CAN2_RX0_IRQHandler
                0x080002e0                DMA2_Stream3_IRQHandler
                0x080002e0                SAI2_IRQHandler
                0x080002e0                USART6_IRQHandler
                0x080002e0                USART3_IRQHandler
                0x080002e0                CAN1_RX1_IRQHandler
                0x080002e0                UART5_IRQHandler
                0x080002e0                DMA2_Stream0_IRQHandler
                0x080002e0                TIM4_IRQHandler
                0x080002e0                QUADSPI_IRQHandler
                0x080002e0                I2C1_EV_IRQHandler
                0x080002e0                DMA1_Stream6_IRQHandler
                0x080002e0                DMA1_Stream1_IRQHandler
                0x080002e0                UART4_IRQHandler
                0x080002e0                TIM3_IRQHandler
                0x080002e0                RCC_IRQHandler
                0x080002e0                TIM8_BRK_TIM12_IRQHandler
                0x080002e0                Default_Handler
                0x080002e0                CEC_IRQHandler
                0x080002e0                EXTI15_10_IRQHandler
                0x080002e0                ADC_IRQHandler
                0x080002e0                DMA1_Stream7_IRQHandler
                0x080002e0                SPI5_IRQHandler
                0x080002e0                TIM7_IRQHandler
                0x080002e0                SDMMC1_IRQHandler
                0x080002e0                CAN2_TX_IRQHandler
                0x080002e0                TIM5_IRQHandler
                0x080002e0                DMA2_Stream7_IRQHandler
                0x080002e0                I2C3_EV_IRQHandler
                0x080002e0                EXTI9_5_IRQHandler
                0x080002e0                RTC_WKUP_IRQHandler
                0x080002e0                LTDC_IRQHandler
                0x080002e0                ETH_WKUP_IRQHandler
                0x080002e0                SPDIF_RX_IRQHandler
                0x080002e0                SPI2_IRQHandler
                0x080002e0                OTG_HS_EP1_IN_IRQHandler
                0x080002e0                MemManage_Handler
                0x080002e0                DMA1_Stream0_IRQHandler
                0x080002e0                CAN1_TX_IRQHandler
                0x080002e0                EXTI4_IRQHandler
                0x080002e0                RNG_IRQHandler
                0x080002e0                ETH_IRQHandler
                0x080002e0                OTG_HS_EP1_OUT_IRQHandler
                0x080002e0                WWDG_IRQHandler
                0x080002e0                SPI6_IRQHandler
                0x080002e0                I2C4_EV_IRQHandler
                0x080002e0                TIM2_IRQHandler
                0x080002e0                OTG_FS_WKUP_IRQHandler
                0x080002e0                TIM1_TRG_COM_TIM11_IRQHandler
                0x080002e0                OTG_HS_IRQHandler
                0x080002e0                DMA2D_IRQHandler
                0x080002e0                EXTI1_IRQHandler
                0x080002e0                UART7_IRQHandler
                0x080002e0                USART2_IRQHandler
                0x080002e0                I2C2_ER_IRQHandler
                0x080002e0                DMA2_Stream1_IRQHandler
                0x080002e0                CAN1_SCE_IRQHandler
                0x080002e0                FLASH_IRQHandler
                0x080002e0                DMA2_Stream4_IRQHandler
                0x080002e0                BusFault_Handler
                0x080002e0                USART1_IRQHandler
                0x080002e0                OTG_FS_IRQHandler
                0x080002e0                SPI3_IRQHandler
                0x080002e0                DMA1_Stream4_IRQHandler
                0x080002e0                I2C1_ER_IRQHandler
                0x080002e0                FMC_IRQHandler
                0x080002e0                LPTIM1_IRQHandler
                0x080002e0                I2C4_ER_IRQHandler
                0x080002e0                DMA2_Stream6_IRQHandler
                0x080002e0                SAI1_IRQHandler
                0x080002e0                DMA1_Stream3_IRQHandler
 *fill*         0x080002e2        0x2 
 .text.SystemInit
                0x080002e4       0x4c Drivers\CMSIS\Device\ST\STM32F7xx\Source\Templates\system_stm32f7xx.o
                0x080002e4                SystemInit
 .text.HAL_InitTick
                0x08000330       0x28 Drivers\STM32F7xx_HAL_Driver\Src\stm32f7xx_hal.o
                0x08000330                HAL_InitTick
 .text.HAL_Init
                0x08000358       0x16 Drivers\STM32F7xx_HAL_Driver\Src\stm32f7xx_hal.o
                0x08000358                HAL_Init
 *fill*         0x0800036e        0x2 
 .text.HAL_IncTick
                0x08000370       0x10 Drivers\STM32F7xx_HAL_Driver\Src\stm32f7xx_hal.o
                0x08000370                HAL_IncTick
 .text.HAL_GetTick
                0x08000380        0xc Drivers\STM32F7xx_HAL_Driver\Src\stm32f7xx_hal.o
                0x08000380                HAL_GetTick
 .text.HAL_Delay
                0x0800038c       0x1a Drivers\STM32F7xx_HAL_Driver\Src\stm32f7xx_hal.o
                0x0800038c                HAL_Delay
 *fill*         0x080003a6        0x2 
 .text.HAL_NVIC_SetPriorityGrouping
                0x080003a8       0x24 Drivers\STM32F7xx_HAL_Driver\Src\stm32f7xx_hal_cortex.o
                0x080003a8                HAL_NVIC_SetPriorityGrouping
 .text.HAL_NVIC_SetPriority
                0x080003cc       0x70 Drivers\STM32F7xx_HAL_Driver\Src\stm32f7xx_hal_cortex.o
                0x080003cc                HAL_NVIC_SetPriority
 .text.HAL_SYSTICK_Config
                0x0800043c       0x2c Drivers\STM32F7xx_HAL_Driver\Src\stm32f7xx_hal_cortex.o
                0x0800043c                HAL_SYSTICK_Config
 .text.HAL_SYSTICK_CLKSourceConfig
                0x08000468       0x18 Drivers\STM32F7xx_HAL_Driver\Src\stm32f7xx_hal_cortex.o
                0x08000468                HAL_SYSTICK_CLKSourceConfig
 .text.HAL_SYSTICK_Callback
                0x08000480        0x2 Drivers\STM32F7xx_HAL_Driver\Src\stm32f7xx_hal_cortex.o
                0x08000480                HAL_SYSTICK_Callback
 .text.HAL_SYSTICK_IRQHandler
                0x08000482        0x8 Drivers\STM32F7xx_HAL_Driver\Src\stm32f7xx_hal_cortex.o
                0x08000482                HAL_SYSTICK_IRQHandler
 *fill*         0x0800048a        0x2 
 .text.HAL_GPIO_Init
                0x0800048c      0x1d8 Drivers\STM32F7xx_HAL_Driver\Src\stm32f7xx_hal_gpio.o
                0x0800048c                HAL_GPIO_Init
 .text.HAL_GPIO_WritePin
                0x08000664        0x8 Drivers\STM32F7xx_HAL_Driver\Src\stm32f7xx_hal_gpio.o
                0x08000664                HAL_GPIO_WritePin
 .text.HAL_RCC_OscConfig
                0x0800066c      0x334 Drivers\STM32F7xx_HAL_Driver\Src\stm32f7xx_hal_rcc.o
                0x0800066c                HAL_RCC_OscConfig
 .text.HAL_RCC_GetSysClockFreq
                0x080009a0       0x68 Drivers\STM32F7xx_HAL_Driver\Src\stm32f7xx_hal_rcc.o
                0x080009a0                HAL_RCC_GetSysClockFreq
 .text.HAL_RCC_ClockConfig
                0x08000a08      0x154 Drivers\STM32F7xx_HAL_Driver\Src\stm32f7xx_hal_rcc.o
                0x08000a08                HAL_RCC_ClockConfig
 .text.HAL_RCC_GetHCLKFreq
                0x08000b5c        0xc Drivers\STM32F7xx_HAL_Driver\Src\stm32f7xx_hal_rcc.o
                0x08000b5c                HAL_RCC_GetHCLKFreq
 .text.HAL_RCC_GetPCLK1Freq
                0x08000b68       0x30 Drivers\STM32F7xx_HAL_Driver\Src\stm32f7xx_hal_rcc.o
                0x08000b68                HAL_RCC_GetPCLK1Freq
 .text.HAL_RCC_GetPCLK2Freq
                0x08000b98       0x30 Drivers\STM32F7xx_HAL_Driver\Src\stm32f7xx_hal_rcc.o
                0x08000b98                HAL_RCC_GetPCLK2Freq
 .text.HAL_RCCEx_PeriphCLKConfig
                0x08000bc8      0x74c Drivers\STM32F7xx_HAL_Driver\Src\stm32f7xx_hal_rcc_ex.o
                0x08000bc8                HAL_RCCEx_PeriphCLKConfig
 .text.UART_WaitOnFlagUntilTimeout
                0x08001314       0x62 Drivers\STM32F7xx_HAL_Driver\Src\stm32f7xx_hal_uart.o
                0x08001314                UART_WaitOnFlagUntilTimeout
 .text.HAL_UART_Transmit
                0x08001376       0xac Drivers\STM32F7xx_HAL_Driver\Src\stm32f7xx_hal_uart.o
                0x08001376                HAL_UART_Transmit
 .text.HAL_UART_Receive
                0x08001422       0xd6 Drivers\STM32F7xx_HAL_Driver\Src\stm32f7xx_hal_uart.o
                0x08001422                HAL_UART_Receive
 .text.UART_SetConfig
                0x080014f8      0x268 Drivers\STM32F7xx_HAL_Driver\Src\stm32f7xx_hal_uart.o
                0x080014f8                UART_SetConfig
 .text.UART_AdvFeatureConfig
                0x08001760       0xaa Drivers\STM32F7xx_HAL_Driver\Src\stm32f7xx_hal_uart.o
                0x08001760                UART_AdvFeatureConfig
 .text.UART_CheckIdleState
                0x0800180a       0x68 Drivers\STM32F7xx_HAL_Driver\Src\stm32f7xx_hal_uart.o
                0x0800180a                UART_CheckIdleState
 .text.HAL_UART_Init
                0x08001872       0x64 Drivers\STM32F7xx_HAL_Driver\Src\stm32f7xx_hal_uart.o
                0x08001872                HAL_UART_Init
 *fill*         0x080018d6        0x2 
 .text.SystemClock_Config
                0x080018d8       0xa8 Src\main.o
                0x080018d8                SystemClock_Config
 .text.EnableModule
                0x08001980       0x10 Src\main.o
                0x08001980                EnableModule
 .text.DisableModule
                0x08001990       0x10 Src\main.o
                0x08001990                DisableModule
 .text.TestModule
                0x080019a0       0x7c Src\main.o
                0x080019a0                TestModule
 .text.Activety
                0x08001a1c       0x28 Src\main.o
                0x08001a1c                Activety
 .text.startup.main
                0x08001a44       0xf4 Src\main.o
                0x08001a44                main
 .text.HAL_MspInit
                0x08001b38       0x60 Src\stm32f7xx_hal_msp.o
                0x08001b38                HAL_MspInit
 .text.HAL_UART_MspInit
                0x08001b98       0x48 Src\stm32f7xx_hal_msp.o
                0x08001b98                HAL_UART_MspInit
 .text.SVC_Handler
                0x08001be0        0x2 Src\stm32f7xx_it.o
                0x08001be0                SVC_Handler
 .text.PendSV_Handler
                0x08001be2        0x2 Src\stm32f7xx_it.o
                0x08001be2                PendSV_Handler
 .text.SysTick_Handler
                0x08001be4        0xe Src\stm32f7xx_it.o
                0x08001be4                SysTick_Handler
 *fill*         0x08001bf2        0x2 
 .text.__libc_init_array
                0x08001bf4       0x4c d:/ac6/systemworkbench/plugins/fr.ac6.mcu.externaltools.arm-none.win32_1.7.0.201602121829/tools/compiler/bin/../lib/gcc/arm-none-eabi/5.2.1/../../../../arm-none-eabi/lib/armv7e-m/fpu/fpv5-sp-d16\libc_nano.a(lib_a-init.o)
                0x08001bf4                __libc_init_array
 *(.glue_7)
 .glue_7        0x08001c40        0x0 linker stubs
 *(.glue_7t)
 .glue_7t       0x08001c40        0x0 linker stubs
 *(.eh_frame)
 .eh_frame      0x08001c40        0x0 d:/ac6/systemworkbench/plugins/fr.ac6.mcu.externaltools.arm-none.win32_1.7.0.201602121829/tools/compiler/bin/../lib/gcc/arm-none-eabi/5.2.1/armv7e-m/fpu/fpv5-sp-d16/crtbegin.o
 *(.init)
 .init          0x08001c40        0x4 d:/ac6/systemworkbench/plugins/fr.ac6.mcu.externaltools.arm-none.win32_1.7.0.201602121829/tools/compiler/bin/../lib/gcc/arm-none-eabi/5.2.1/armv7e-m/fpu/fpv5-sp-d16/crti.o
                0x08001c40                _init
 .init          0x08001c44        0x8 d:/ac6/systemworkbench/plugins/fr.ac6.mcu.externaltools.arm-none.win32_1.7.0.201602121829/tools/compiler/bin/../lib/gcc/arm-none-eabi/5.2.1/armv7e-m/fpu/fpv5-sp-d16/crtn.o
 *(.fini)
 .fini          0x08001c4c        0x4 d:/ac6/systemworkbench/plugins/fr.ac6.mcu.externaltools.arm-none.win32_1.7.0.201602121829/tools/compiler/bin/../lib/gcc/arm-none-eabi/5.2.1/armv7e-m/fpu/fpv5-sp-d16/crti.o
                0x08001c4c                _fini
 .fini          0x08001c50        0x8 d:/ac6/systemworkbench/plugins/fr.ac6.mcu.externaltools.arm-none.win32_1.7.0.201602121829/tools/compiler/bin/../lib/gcc/arm-none-eabi/5.2.1/armv7e-m/fpu/fpv5-sp-d16/crtn.o
                0x08001c58                . = ALIGN (0x4)
                0x08001c58                _etext = .

.vfp11_veneer   0x08001c58        0x0
 .vfp11_veneer  0x08001c58        0x0 linker stubs

.v4_bx          0x08001c58        0x0
 .v4_bx         0x08001c58        0x0 linker stubs

.iplt           0x08001c58        0x0
 .iplt          0x08001c58        0x0 d:/ac6/systemworkbench/plugins/fr.ac6.mcu.externaltools.arm-none.win32_1.7.0.201602121829/tools/compiler/bin/../lib/gcc/arm-none-eabi/5.2.1/armv7e-m/fpu/fpv5-sp-d16/crtbegin.o

.rodata         0x08001c58       0x34
                0x08001c58                . = ALIGN (0x4)
 *(.rodata)
 .rodata        0x08001c58       0x18 Drivers\CMSIS\Device\ST\STM32F7xx\Source\Templates\system_stm32f7xx.o
                0x08001c58                AHBPrescTable
                0x08001c68                APBPrescTable
 .rodata        0x08001c70       0x11 Drivers\STM32F7xx_HAL_Driver\Src\stm32f7xx_hal_uart.o
 *(.rodata*)
 .rodata.str1.1
                0x08001c81        0x8 Src\main.o
                0x08001c8c                . = ALIGN (0x4)
 *fill*         0x08001c89        0x3 

.rel.dyn        0x08001c8c        0x0
 .rel.iplt      0x08001c8c        0x0 d:/ac6/systemworkbench/plugins/fr.ac6.mcu.externaltools.arm-none.win32_1.7.0.201602121829/tools/compiler/bin/../lib/gcc/arm-none-eabi/5.2.1/armv7e-m/fpu/fpv5-sp-d16/crtbegin.o

.ARM.extab
 *(.ARM.extab* .gnu.linkonce.armextab.*)

.ARM            0x08001c8c        0x0
                0x08001c8c                __exidx_start = .
 *(.ARM.exidx*)
                0x08001c8c                __exidx_end = .

.preinit_array  0x08001c8c        0x0
                0x08001c8c                PROVIDE (__preinit_array_start, .)
 *(.preinit_array*)
                0x08001c8c                PROVIDE (__preinit_array_end, .)

.init_array     0x08001c8c        0x4
                0x08001c8c                PROVIDE (__init_array_start, .)
 *(SORT(.init_array.*))
 *(.init_array*)
 .init_array    0x08001c8c        0x4 d:/ac6/systemworkbench/plugins/fr.ac6.mcu.externaltools.arm-none.win32_1.7.0.201602121829/tools/compiler/bin/../lib/gcc/arm-none-eabi/5.2.1/armv7e-m/fpu/fpv5-sp-d16/crtbegin.o
                0x08001c90                PROVIDE (__init_array_end, .)

.fini_array     0x08001c90        0x4
                [!provide]                PROVIDE (__fini_array_start, .)
 *(SORT(.fini_array.*))
 *(.fini_array*)
 .fini_array    0x08001c90        0x4 d:/ac6/systemworkbench/plugins/fr.ac6.mcu.externaltools.arm-none.win32_1.7.0.201602121829/tools/compiler/bin/../lib/gcc/arm-none-eabi/5.2.1/armv7e-m/fpu/fpv5-sp-d16/crtbegin.o
                [!provide]                PROVIDE (__fini_array_end, .)
                0x08001c94                _sidata = LOADADDR (.data)

.data           0x20000000        0x4 load address 0x08001c94
                0x20000000                . = ALIGN (0x4)
                0x20000000                _sdata = .
 *(.data)
 .data          0x20000000        0x4 Drivers\CMSIS\Device\ST\STM32F7xx\Source\Templates\system_stm32f7xx.o
                0x20000000                SystemCoreClock
 *(.data*)
                0x20000004                . = ALIGN (0x4)
                0x20000004                _edata = .

.jcr            0x20000004        0x0 load address 0x08001c98
 .jcr           0x20000004        0x0 d:/ac6/systemworkbench/plugins/fr.ac6.mcu.externaltools.arm-none.win32_1.7.0.201602121829/tools/compiler/bin/../lib/gcc/arm-none-eabi/5.2.1/armv7e-m/fpu/fpv5-sp-d16/crtbegin.o

.tm_clone_table
                0x20000004        0x0 load address 0x08001c98
 .tm_clone_table
                0x20000004        0x0 d:/ac6/systemworkbench/plugins/fr.ac6.mcu.externaltools.arm-none.win32_1.7.0.201602121829/tools/compiler/bin/../lib/gcc/arm-none-eabi/5.2.1/armv7e-m/fpu/fpv5-sp-d16/crtbegin.o
 .tm_clone_table
                0x20000004        0x0 d:/ac6/systemworkbench/plugins/fr.ac6.mcu.externaltools.arm-none.win32_1.7.0.201602121829/tools/compiler/bin/../lib/gcc/arm-none-eabi/5.2.1/armv7e-m/fpu/fpv5-sp-d16/crtend.o

.igot.plt       0x20000004        0x0 load address 0x08001c98
 .igot.plt      0x20000004        0x0 d:/ac6/systemworkbench/plugins/fr.ac6.mcu.externaltools.arm-none.win32_1.7.0.201602121829/tools/compiler/bin/../lib/gcc/arm-none-eabi/5.2.1/armv7e-m/fpu/fpv5-sp-d16/crtbegin.o
                0x20000004                . = ALIGN (0x4)

.bss            0x20000004       0x90 load address 0x08001c98
                0x20000004                _sbss = .
                0x20000004                __bss_start__ = _sbss
 *(.bss)
 .bss           0x20000004       0x1c d:/ac6/systemworkbench/plugins/fr.ac6.mcu.externaltools.arm-none.win32_1.7.0.201602121829/tools/compiler/bin/../lib/gcc/arm-none-eabi/5.2.1/armv7e-m/fpu/fpv5-sp-d16/crtbegin.o
 *(.bss*)
 *(COMMON)
 COMMON         0x20000020        0x4 Drivers\STM32F7xx_HAL_Driver\Src\stm32f7xx_hal.o
                0x20000020                uwTick
 COMMON         0x20000024       0x70 Src\main.o
                0x20000024                huart4
                0x20000094                . = ALIGN (0x4)
                0x20000094                _ebss = .
                0x20000094                __bss_end__ = _ebss

._user_heap_stack
                0x20000094      0x604 load address 0x08001c98
                0x20000098                . = ALIGN (0x8)
 *fill*         0x20000094        0x4 
                [!provide]                PROVIDE (end, .)
                [!provide]                PROVIDE (_end, .)
                0x20000298                . = (. + _Min_Heap_Size)
 *fill*         0x20000098      0x200 
                0x20000698                . = (. + _Min_Stack_Size)
 *fill*         0x20000298      0x400 
                0x20000698                . = ALIGN (0x8)

/DISCARD/
 libc.a(*)
 libm.a(*)
 libgcc.a(*)

.ARM.attributes
                0x00000000       0x30
 *(.ARM.attributes)
 .ARM.attributes
                0x00000000       0x22 d:/ac6/systemworkbench/plugins/fr.ac6.mcu.externaltools.arm-none.win32_1.7.0.201602121829/tools/compiler/bin/../lib/gcc/arm-none-eabi/5.2.1/armv7e-m/fpu/fpv5-sp-d16/crti.o
 .ARM.attributes
                0x00000022       0x34 d:/ac6/systemworkbench/plugins/fr.ac6.mcu.externaltools.arm-none.win32_1.7.0.201602121829/tools/compiler/bin/../lib/gcc/arm-none-eabi/5.2.1/armv7e-m/fpu/fpv5-sp-d16/crtbegin.o
 .ARM.attributes
                0x00000056       0x21 Drivers\CMSIS\Device\ST\STM32F7xx\Source\Templates\gcc\startup_stm32f746xx.o
 .ARM.attributes
                0x00000077       0x39 Drivers\CMSIS\Device\ST\STM32F7xx\Source\Templates\system_stm32f7xx.o
 .ARM.attributes
                0x000000b0       0x39 Drivers\STM32F7xx_HAL_Driver\Src\stm32f7xx_hal.o
 .ARM.attributes
                0x000000e9       0x39 Drivers\STM32F7xx_HAL_Driver\Src\stm32f7xx_hal_cortex.o
 .ARM.attributes
                0x00000122       0x39 Drivers\STM32F7xx_HAL_Driver\Src\stm32f7xx_hal_gpio.o
 .ARM.attributes
                0x0000015b       0x39 Drivers\STM32F7xx_HAL_Driver\Src\stm32f7xx_hal_rcc.o
 .ARM.attributes
                0x00000194       0x39 Drivers\STM32F7xx_HAL_Driver\Src\stm32f7xx_hal_rcc_ex.o
 .ARM.attributes
                0x000001cd       0x39 Drivers\STM32F7xx_HAL_Driver\Src\stm32f7xx_hal_uart.o
 .ARM.attributes
                0x00000206       0x39 Src\main.o
 .ARM.attributes
                0x0000023f       0x39 Src\stm32f7xx_hal_msp.o
 .ARM.attributes
                0x00000278       0x39 Src\stm32f7xx_it.o
 .ARM.attributes
                0x000002b1       0x34 d:/ac6/systemworkbench/plugins/fr.ac6.mcu.externaltools.arm-none.win32_1.7.0.201602121829/tools/compiler/bin/../lib/gcc/arm-none-eabi/5.2.1/../../../../arm-none-eabi/lib/armv7e-m/fpu/fpv5-sp-d16\libc_nano.a(lib_a-init.o)
 .ARM.attributes
                0x000002e5       0x20 d:/ac6/systemworkbench/plugins/fr.ac6.mcu.externaltools.arm-none.win32_1.7.0.201602121829/tools/compiler/bin/../lib/gcc/arm-none-eabi/5.2.1/../../../../arm-none-eabi/lib/armv7e-m/fpu/fpv5-sp-d16\libc_nano.a(lib_a-strcmp.o)
 .ARM.attributes
                0x00000305       0x1b d:/ac6/systemworkbench/plugins/fr.ac6.mcu.externaltools.arm-none.win32_1.7.0.201602121829/tools/compiler/bin/../lib/gcc/arm-none-eabi/5.2.1/../../../../arm-none-eabi/lib/armv7e-m/fpu/fpv5-sp-d16\libc_nano.a(lib_a-strlen.o)
 .ARM.attributes
                0x00000320       0x34 d:/ac6/systemworkbench/plugins/fr.ac6.mcu.externaltools.arm-none.win32_1.7.0.201602121829/tools/compiler/bin/../lib/gcc/arm-none-eabi/5.2.1/armv7e-m/fpu/fpv5-sp-d16/crtend.o
 .ARM.attributes
                0x00000354       0x22 d:/ac6/systemworkbench/plugins/fr.ac6.mcu.externaltools.arm-none.win32_1.7.0.201602121829/tools/compiler/bin/../lib/gcc/arm-none-eabi/5.2.1/armv7e-m/fpu/fpv5-sp-d16/crtn.o
OUTPUT(ESP_Test.elf elf32-littlearm)

.debug_line     0x00000000     0x5c29
 .debug_line    0x00000000       0xae Drivers\CMSIS\Device\ST\STM32F7xx\Source\Templates\gcc\startup_stm32f746xx.o
 .debug_line    0x000000ae      0x6f3 Drivers\CMSIS\Device\ST\STM32F7xx\Source\Templates\system_stm32f7xx.o
 .debug_line    0x000007a1      0x847 Drivers\STM32F7xx_HAL_Driver\Src\stm32f7xx_hal.o
 .debug_line    0x00000fe8      0x8b3 Drivers\STM32F7xx_HAL_Driver\Src\stm32f7xx_hal_cortex.o
 .debug_line    0x0000189b      0x8a9 Drivers\STM32F7xx_HAL_Driver\Src\stm32f7xx_hal_gpio.o
 .debug_line    0x00002144      0xa73 Drivers\STM32F7xx_HAL_Driver\Src\stm32f7xx_hal_rcc.o
 .debug_line    0x00002bb7      0xad8 Drivers\STM32F7xx_HAL_Driver\Src\stm32f7xx_hal_rcc_ex.o
 .debug_line    0x0000368f      0xfb6 Drivers\STM32F7xx_HAL_Driver\Src\stm32f7xx_hal_uart.o
 .debug_line    0x00004645      0x827 Src\main.o
 .debug_line    0x00004e6c      0x6f3 Src\stm32f7xx_hal_msp.o
 .debug_line    0x0000555f      0x6ca Src\stm32f7xx_it.o

.debug_info     0x00000000     0x83f4
 .debug_info    0x00000000       0xc3 Drivers\CMSIS\Device\ST\STM32F7xx\Source\Templates\gcc\startup_stm32f746xx.o
 .debug_info    0x000000c3      0x6cf Drivers\CMSIS\Device\ST\STM32F7xx\Source\Templates\system_stm32f7xx.o
 .debug_info    0x00000792      0x8e7 Drivers\STM32F7xx_HAL_Driver\Src\stm32f7xx_hal.o
 .debug_info    0x00001079     0x109c Drivers\STM32F7xx_HAL_Driver\Src\stm32f7xx_hal_cortex.o
 .debug_info    0x00002115      0x748 Drivers\STM32F7xx_HAL_Driver\Src\stm32f7xx_hal_gpio.o
 .debug_info    0x0000285d      0xcbe Drivers\STM32F7xx_HAL_Driver\Src\stm32f7xx_hal_rcc.o
 .debug_info    0x0000351b      0xf6c Drivers\STM32F7xx_HAL_Driver\Src\stm32f7xx_hal_rcc_ex.o
 .debug_info    0x00004487     0x17bd Drivers\STM32F7xx_HAL_Driver\Src\stm32f7xx_hal_uart.o
 .debug_info    0x00005c44     0x1995 Src\main.o
 .debug_info    0x000075d9      0xd19 Src\stm32f7xx_hal_msp.o
 .debug_info    0x000082f2      0x102 Src\stm32f7xx_it.o

.debug_abbrev   0x00000000     0x1668
 .debug_abbrev  0x00000000       0x12 Drivers\CMSIS\Device\ST\STM32F7xx\Source\Templates\gcc\startup_stm32f746xx.o
 .debug_abbrev  0x00000012      0x120 Drivers\CMSIS\Device\ST\STM32F7xx\Source\Templates\system_stm32f7xx.o
 .debug_abbrev  0x00000132      0x1e5 Drivers\STM32F7xx_HAL_Driver\Src\stm32f7xx_hal.o
 .debug_abbrev  0x00000317      0x332 Drivers\STM32F7xx_HAL_Driver\Src\stm32f7xx_hal_cortex.o
 .debug_abbrev  0x00000649      0x1cb Drivers\STM32F7xx_HAL_Driver\Src\stm32f7xx_hal_gpio.o
 .debug_abbrev  0x00000814      0x2dd Drivers\STM32F7xx_HAL_Driver\Src\stm32f7xx_hal_rcc.o
 .debug_abbrev  0x00000af1      0x231 Drivers\STM32F7xx_HAL_Driver\Src\stm32f7xx_hal_rcc_ex.o
 .debug_abbrev  0x00000d22      0x32c Drivers\STM32F7xx_HAL_Driver\Src\stm32f7xx_hal_uart.o
 .debug_abbrev  0x0000104e      0x3a6 Src\main.o
 .debug_abbrev  0x000013f4      0x1ac Src\stm32f7xx_hal_msp.o
 .debug_abbrev  0x000015a0       0xc8 Src\stm32f7xx_it.o

.debug_aranges  0x00000000      0x4b8
 .debug_aranges
                0x00000000       0x28 Drivers\CMSIS\Device\ST\STM32F7xx\Source\Templates\gcc\startup_stm32f746xx.o
 .debug_aranges
                0x00000028       0x28 Drivers\CMSIS\Device\ST\STM32F7xx\Source\Templates\system_stm32f7xx.o
 .debug_aranges
                0x00000050       0xc8 Drivers\STM32F7xx_HAL_Driver\Src\stm32f7xx_hal.o
 .debug_aranges
                0x00000118       0x98 Drivers\STM32F7xx_HAL_Driver\Src\stm32f7xx_hal_cortex.o
 .debug_aranges
                0x000001b0       0x58 Drivers\STM32F7xx_HAL_Driver\Src\stm32f7xx_hal_gpio.o
 .debug_aranges
                0x00000208       0x88 Drivers\STM32F7xx_HAL_Driver\Src\stm32f7xx_hal_rcc.o
 .debug_aranges
                0x00000290       0x30 Drivers\STM32F7xx_HAL_Driver\Src\stm32f7xx_hal_rcc_ex.o
 .debug_aranges
                0x000002c0      0x148 Drivers\STM32F7xx_HAL_Driver\Src\stm32f7xx_hal_uart.o
 .debug_aranges
                0x00000408       0x58 Src\main.o
 .debug_aranges
                0x00000460       0x30 Src\stm32f7xx_hal_msp.o
 .debug_aranges
                0x00000490       0x28 Src\stm32f7xx_it.o

.debug_ranges   0x00000000      0x9f0
 .debug_ranges  0x00000000       0x20 Drivers\CMSIS\Device\ST\STM32F7xx\Source\Templates\gcc\startup_stm32f746xx.o
 .debug_ranges  0x00000020       0x18 Drivers\CMSIS\Device\ST\STM32F7xx\Source\Templates\system_stm32f7xx.o
 .debug_ranges  0x00000038       0xb8 Drivers\STM32F7xx_HAL_Driver\Src\stm32f7xx_hal.o
 .debug_ranges  0x000000f0      0x140 Drivers\STM32F7xx_HAL_Driver\Src\stm32f7xx_hal_cortex.o
 .debug_ranges  0x00000230       0x70 Drivers\STM32F7xx_HAL_Driver\Src\stm32f7xx_hal_gpio.o
 .debug_ranges  0x000002a0      0x1b0 Drivers\STM32F7xx_HAL_Driver\Src\stm32f7xx_hal_rcc.o
 .debug_ranges  0x00000450      0x320 Drivers\STM32F7xx_HAL_Driver\Src\stm32f7xx_hal_rcc_ex.o
 .debug_ranges  0x00000770      0x138 Drivers\STM32F7xx_HAL_Driver\Src\stm32f7xx_hal_uart.o
 .debug_ranges  0x000008a8       0xe0 Src\main.o
 .debug_ranges  0x00000988       0x50 Src\stm32f7xx_hal_msp.o
 .debug_ranges  0x000009d8       0x18 Src\stm32f7xx_it.o

.debug_loc      0x00000000     0x2b36
 .debug_loc     0x00000000       0xd6 Drivers\CMSIS\Device\ST\STM32F7xx\Source\Templates\system_stm32f7xx.o
 .debug_loc     0x000000d6       0x6a Drivers\STM32F7xx_HAL_Driver\Src\stm32f7xx_hal.o
 .debug_loc     0x00000140      0x4cd Drivers\STM32F7xx_HAL_Driver\Src\stm32f7xx_hal_cortex.o
 .debug_loc     0x0000060d      0x34f Drivers\STM32F7xx_HAL_Driver\Src\stm32f7xx_hal_gpio.o
 .debug_loc     0x0000095c      0x49b Drivers\STM32F7xx_HAL_Driver\Src\stm32f7xx_hal_rcc.o
 .debug_loc     0x00000df7      0x9b4 Drivers\STM32F7xx_HAL_Driver\Src\stm32f7xx_hal_rcc_ex.o
 .debug_loc     0x000017ab     0x127b Drivers\STM32F7xx_HAL_Driver\Src\stm32f7xx_hal_uart.o
 .debug_loc     0x00002a26       0xc3 Src\main.o
 .debug_loc     0x00002ae9       0x4d Src\stm32f7xx_hal_msp.o

.debug_macro    0x00000000    0x16029
 .debug_macro   0x00000000      0x2d3 Drivers\CMSIS\Device\ST\STM32F7xx\Source\Templates\system_stm32f7xx.o
 .debug_macro   0x000002d3      0x89e Drivers\CMSIS\Device\ST\STM32F7xx\Source\Templates\system_stm32f7xx.o
 .debug_macro   0x00000b71       0x2e Drivers\CMSIS\Device\ST\STM32F7xx\Source\Templates\system_stm32f7xx.o
 .debug_macro   0x00000b9f       0x3b Drivers\CMSIS\Device\ST\STM32F7xx\Source\Templates\system_stm32f7xx.o
 .debug_macro   0x00000bda       0x22 Drivers\CMSIS\Device\ST\STM32F7xx\Source\Templates\system_stm32f7xx.o
 .debug_macro   0x00000bfc       0x44 Drivers\CMSIS\Device\ST\STM32F7xx\Source\Templates\system_stm32f7xx.o
 .debug_macro   0x00000c40       0xfd Drivers\CMSIS\Device\ST\STM32F7xx\Source\Templates\system_stm32f7xx.o
 .debug_macro   0x00000d3d       0x22 Drivers\CMSIS\Device\ST\STM32F7xx\Source\Templates\system_stm32f7xx.o
 .debug_macro   0x00000d5f      0x1df Drivers\CMSIS\Device\ST\STM32F7xx\Source\Templates\system_stm32f7xx.o
 .debug_macro   0x00000f3e       0x35 Drivers\CMSIS\Device\ST\STM32F7xx\Source\Templates\system_stm32f7xx.o
 .debug_macro   0x00000f73       0x50 Drivers\CMSIS\Device\ST\STM32F7xx\Source\Templates\system_stm32f7xx.o
 .debug_macro   0x00000fc3     0x1114 Drivers\CMSIS\Device\ST\STM32F7xx\Source\Templates\system_stm32f7xx.o
 .debug_macro   0x000020d7     0xaa96 Drivers\CMSIS\Device\ST\STM32F7xx\Source\Templates\system_stm32f7xx.o
 .debug_macro   0x0000cb6d       0x43 Drivers\CMSIS\Device\ST\STM32F7xx\Source\Templates\system_stm32f7xx.o
 .debug_macro   0x0000cbb0       0x22 Drivers\CMSIS\Device\ST\STM32F7xx\Source\Templates\system_stm32f7xx.o
 .debug_macro   0x0000cbd2      0x1a9 Drivers\CMSIS\Device\ST\STM32F7xx\Source\Templates\system_stm32f7xx.o
 .debug_macro   0x0000cd7b     0x3520 Drivers\CMSIS\Device\ST\STM32F7xx\Source\Templates\system_stm32f7xx.o
 .debug_macro   0x0001029b       0x58 Drivers\CMSIS\Device\ST\STM32F7xx\Source\Templates\system_stm32f7xx.o
 .debug_macro   0x000102f3       0x35 Drivers\CMSIS\Device\ST\STM32F7xx\Source\Templates\system_stm32f7xx.o
 .debug_macro   0x00010328       0x9c Drivers\CMSIS\Device\ST\STM32F7xx\Source\Templates\system_stm32f7xx.o
 .debug_macro   0x000103c4       0x16 Drivers\CMSIS\Device\ST\STM32F7xx\Source\Templates\system_stm32f7xx.o
 .debug_macro   0x000103da       0x97 Drivers\CMSIS\Device\ST\STM32F7xx\Source\Templates\system_stm32f7xx.o
 .debug_macro   0x00010471      0x329 Drivers\CMSIS\Device\ST\STM32F7xx\Source\Templates\system_stm32f7xx.o
 .debug_macro   0x0001079a       0xfd Drivers\CMSIS\Device\ST\STM32F7xx\Source\Templates\system_stm32f7xx.o
 .debug_macro   0x00010897       0x10 Drivers\CMSIS\Device\ST\STM32F7xx\Source\Templates\system_stm32f7xx.o
 .debug_macro   0x000108a7       0x52 Drivers\CMSIS\Device\ST\STM32F7xx\Source\Templates\system_stm32f7xx.o
 .debug_macro   0x000108f9       0x16 Drivers\CMSIS\Device\ST\STM32F7xx\Source\Templates\system_stm32f7xx.o
 .debug_macro   0x0001090f       0x43 Drivers\CMSIS\Device\ST\STM32F7xx\Source\Templates\system_stm32f7xx.o
 .debug_macro   0x00010952      0x187 Drivers\CMSIS\Device\ST\STM32F7xx\Source\Templates\system_stm32f7xx.o
 .debug_macro   0x00010ad9       0x10 Drivers\CMSIS\Device\ST\STM32F7xx\Source\Templates\system_stm32f7xx.o
 .debug_macro   0x00010ae9       0x22 Drivers\CMSIS\Device\ST\STM32F7xx\Source\Templates\system_stm32f7xx.o
 .debug_macro   0x00010b0b       0x3a Drivers\CMSIS\Device\ST\STM32F7xx\Source\Templates\system_stm32f7xx.o
 .debug_macro   0x00010b45       0x10 Drivers\CMSIS\Device\ST\STM32F7xx\Source\Templates\system_stm32f7xx.o
 .debug_macro   0x00010b55       0x40 Drivers\CMSIS\Device\ST\STM32F7xx\Source\Templates\system_stm32f7xx.o
 .debug_macro   0x00010b95       0x65 Drivers\CMSIS\Device\ST\STM32F7xx\Source\Templates\system_stm32f7xx.o
 .debug_macro   0x00010bfa       0x16 Drivers\CMSIS\Device\ST\STM32F7xx\Source\Templates\system_stm32f7xx.o
 .debug_macro   0x00010c10      0x197 Drivers\CMSIS\Device\ST\STM32F7xx\Source\Templates\system_stm32f7xx.o
 .debug_macro   0x00010da7       0x50 Drivers\CMSIS\Device\ST\STM32F7xx\Source\Templates\system_stm32f7xx.o
 .debug_macro   0x00010df7     0x18ad Drivers\CMSIS\Device\ST\STM32F7xx\Source\Templates\system_stm32f7xx.o
 .debug_macro   0x000126a4      0x6a2 Drivers\CMSIS\Device\ST\STM32F7xx\Source\Templates\system_stm32f7xx.o
 .debug_macro   0x00012d46      0x11e Drivers\CMSIS\Device\ST\STM32F7xx\Source\Templates\system_stm32f7xx.o
 .debug_macro   0x00012e64      0x204 Drivers\CMSIS\Device\ST\STM32F7xx\Source\Templates\system_stm32f7xx.o
 .debug_macro   0x00013068       0x27 Drivers\CMSIS\Device\ST\STM32F7xx\Source\Templates\system_stm32f7xx.o
 .debug_macro   0x0001308f      0x24f Drivers\CMSIS\Device\ST\STM32F7xx\Source\Templates\system_stm32f7xx.o
 .debug_macro   0x000132de       0x41 Drivers\CMSIS\Device\ST\STM32F7xx\Source\Templates\system_stm32f7xx.o
 .debug_macro   0x0001331f       0x58 Drivers\CMSIS\Device\ST\STM32F7xx\Source\Templates\system_stm32f7xx.o
 .debug_macro   0x00013377      0x23a Drivers\CMSIS\Device\ST\STM32F7xx\Source\Templates\system_stm32f7xx.o
 .debug_macro   0x000135b1      0x149 Drivers\CMSIS\Device\ST\STM32F7xx\Source\Templates\system_stm32f7xx.o
 .debug_macro   0x000136fa      0x25d Drivers\CMSIS\Device\ST\STM32F7xx\Source\Templates\system_stm32f7xx.o
 .debug_macro   0x00013957       0x12 Drivers\CMSIS\Device\ST\STM32F7xx\Source\Templates\system_stm32f7xx.o
 .debug_macro   0x00013969      0x209 Drivers\CMSIS\Device\ST\STM32F7xx\Source\Templates\system_stm32f7xx.o
 .debug_macro   0x00013b72       0x22 Drivers\CMSIS\Device\ST\STM32F7xx\Source\Templates\system_stm32f7xx.o
 .debug_macro   0x00013b94       0x90 Drivers\CMSIS\Device\ST\STM32F7xx\Source\Templates\system_stm32f7xx.o
 .debug_macro   0x00013c24      0x133 Drivers\CMSIS\Device\ST\STM32F7xx\Source\Templates\system_stm32f7xx.o
 .debug_macro   0x00013d57      0x10c Drivers\CMSIS\Device\ST\STM32F7xx\Source\Templates\system_stm32f7xx.o
 .debug_macro   0x00013e63       0x35 Drivers\CMSIS\Device\ST\STM32F7xx\Source\Templates\system_stm32f7xx.o
 .debug_macro   0x00013e98      0x4e8 Drivers\CMSIS\Device\ST\STM32F7xx\Source\Templates\system_stm32f7xx.o
 .debug_macro   0x00014380       0x47 Drivers\CMSIS\Device\ST\STM32F7xx\Source\Templates\system_stm32f7xx.o
 .debug_macro   0x000143c7      0x300 Drivers\STM32F7xx_HAL_Driver\Src\stm32f7xx_hal.o
 .debug_macro   0x000146c7      0x14a Drivers\STM32F7xx_HAL_Driver\Src\stm32f7xx_hal.o
 .debug_macro   0x00014811      0x2dc Drivers\STM32F7xx_HAL_Driver\Src\stm32f7xx_hal_cortex.o
 .debug_macro   0x00014aed      0x314 Drivers\STM32F7xx_HAL_Driver\Src\stm32f7xx_hal_gpio.o
 .debug_macro   0x00014e01      0x300 Drivers\STM32F7xx_HAL_Driver\Src\stm32f7xx_hal_rcc.o
 .debug_macro   0x00015101      0x2e8 Drivers\STM32F7xx_HAL_Driver\Src\stm32f7xx_hal_rcc_ex.o
 .debug_macro   0x000153e9      0x2e4 Drivers\STM32F7xx_HAL_Driver\Src\stm32f7xx_hal_uart.o
 .debug_macro   0x000156cd      0x310 Src\main.o
 .debug_macro   0x000159dd       0x16 Src\main.o
 .debug_macro   0x000159f3       0x35 Src\main.o
 .debug_macro   0x00015a28       0x16 Src\main.o
 .debug_macro   0x00015a3e       0x29 Src\main.o
 .debug_macro   0x00015a67      0x2dc Src\stm32f7xx_hal_msp.o
 .debug_macro   0x00015d43      0x2e6 Src\stm32f7xx_it.o

.debug_str      0x00000000    0x7ffec
 .debug_str     0x00000000    0x7cc54 Drivers\CMSIS\Device\ST\STM32F7xx\Source\Templates\system_stm32f7xx.o
                              0x7cef1 (size before relaxing)
 .debug_str     0x0007cc54     0x1a43 Drivers\STM32F7xx_HAL_Driver\Src\stm32f7xx_hal.o
                              0x7e831 (size before relaxing)
 .debug_str     0x0007e697      0x31e Drivers\STM32F7xx_HAL_Driver\Src\stm32f7xx_hal_cortex.o
                              0x7e8c8 (size before relaxing)
 .debug_str     0x0007e9b5      0x2ca Drivers\STM32F7xx_HAL_Driver\Src\stm32f7xx_hal_gpio.o
                              0x7e18c (size before relaxing)
 .debug_str     0x0007ec7f      0x386 Drivers\STM32F7xx_HAL_Driver\Src\stm32f7xx_hal_rcc.o
                              0x7e300 (size before relaxing)
 .debug_str     0x0007f005      0x366 Drivers\STM32F7xx_HAL_Driver\Src\stm32f7xx_hal_rcc_ex.o
                              0x7e239 (size before relaxing)
 .debug_str     0x0007f36b      0xa11 Drivers\STM32F7xx_HAL_Driver\Src\stm32f7xx_hal_uart.o
                              0x7e96e (size before relaxing)
 .debug_str     0x0007fd7c      0x1de Src\main.o
                              0x7f0cf (size before relaxing)
 .debug_str     0x0007ff5a       0x4b Src\stm32f7xx_hal_msp.o
                              0x7e9a9 (size before relaxing)
 .debug_str     0x0007ffa5       0x47 Src\stm32f7xx_it.o
                              0x7dd54 (size before relaxing)

.comment        0x00000000       0x6e
 .comment       0x00000000       0x6e Drivers\CMSIS\Device\ST\STM32F7xx\Source\Templates\system_stm32f7xx.o
                                 0x6f (size before relaxing)
 .comment       0x0000006e       0x6f Drivers\STM32F7xx_HAL_Driver\Src\stm32f7xx_hal.o
 .comment       0x0000006e       0x6f Drivers\STM32F7xx_HAL_Driver\Src\stm32f7xx_hal_cortex.o
 .comment       0x0000006e       0x6f Drivers\STM32F7xx_HAL_Driver\Src\stm32f7xx_hal_gpio.o
 .comment       0x0000006e       0x6f Drivers\STM32F7xx_HAL_Driver\Src\stm32f7xx_hal_rcc.o
 .comment       0x0000006e       0x6f Drivers\STM32F7xx_HAL_Driver\Src\stm32f7xx_hal_rcc_ex.o
 .comment       0x0000006e       0x6f Drivers\STM32F7xx_HAL_Driver\Src\stm32f7xx_hal_uart.o
 .comment       0x0000006e       0x6f Src\main.o
 .comment       0x0000006e       0x6f Src\stm32f7xx_hal_msp.o
 .comment       0x0000006e       0x6f Src\stm32f7xx_it.o

.debug_frame    0x00000000      0xb6c
 .debug_frame   0x00000000       0x38 Drivers\CMSIS\Device\ST\STM32F7xx\Source\Templates\system_stm32f7xx.o
 .debug_frame   0x00000038      0x1a4 Drivers\STM32F7xx_HAL_Driver\Src\stm32f7xx_hal.o
 .debug_frame   0x000001dc      0x130 Drivers\STM32F7xx_HAL_Driver\Src\stm32f7xx_hal_cortex.o
 .debug_frame   0x0000030c       0xd4 Drivers\STM32F7xx_HAL_Driver\Src\stm32f7xx_hal_gpio.o
 .debug_frame   0x000003e0      0x140 Drivers\STM32F7xx_HAL_Driver\Src\stm32f7xx_hal_rcc.o
 .debug_frame   0x00000520       0x6c Drivers\STM32F7xx_HAL_Driver\Src\stm32f7xx_hal_rcc_ex.o
 .debug_frame   0x0000058c      0x41c Drivers\STM32F7xx_HAL_Driver\Src\stm32f7xx_hal_uart.o
 .debug_frame   0x000009a8       0xd8 Src\main.o
 .debug_frame   0x00000a80       0x54 Src\stm32f7xx_hal_msp.o
 .debug_frame   0x00000ad4       0x4c Src\stm32f7xx_it.o
 .debug_frame   0x00000b20       0x2c d:/ac6/systemworkbench/plugins/fr.ac6.mcu.externaltools.arm-none.win32_1.7.0.201602121829/tools/compiler/bin/../lib/gcc/arm-none-eabi/5.2.1/../../../../arm-none-eabi/lib/armv7e-m/fpu/fpv5-sp-d16\libc_nano.a(lib_a-init.o)
 .debug_frame   0x00000b4c       0x20 d:/ac6/systemworkbench/plugins/fr.ac6.mcu.externaltools.arm-none.win32_1.7.0.201602121829/tools/compiler/bin/../lib/gcc/arm-none-eabi/5.2.1/../../../../arm-none-eabi/lib/armv7e-m/fpu/fpv5-sp-d16\libc_nano.a(lib_a-strcmp.o)
