14:28:02 **** Incremental Build of configuration Debug for project ProjectV2 ****
make all 
'Building file: ../Src/main.c'
'Invoking: MCU GCC Compiler'
C:\Users\Ecto1\Documents\GitHub\-Embedded-systems-\Project\ProjectV2\Debug
arm-none-eabi-gcc -mcpu=cortex-m7 -mthumb -mfloat-abi=hard -mfpu=fpv5-sp-d16 -D__weak="__attribute__((weak))" -D__packed="__attribute__((__packed__))" -DUSE_HAL_DRIVER -DSTM32F746xx -I"C:/Users/Ecto1/Documents/GitHub/-Embedded-systems-/Project/ProjectV2/Inc" -I"C:/Users/Ecto1/Documents/GitHub/-Embedded-systems-/Project/ProjectV2/Drivers/STM32F7xx_HAL_Driver/Inc" -I"C:/Users/Ecto1/Documents/GitHub/-Embedded-systems-/Project/ProjectV2/Drivers/STM32F7xx_HAL_Driver/Inc/Legacy" -I"C:/Users/Ecto1/Documents/GitHub/-Embedded-systems-/Project/ProjectV2/Drivers/CMSIS/Include" -I"C:/Users/Ecto1/Documents/GitHub/-Embedded-systems-/Project/ProjectV2/Drivers/CMSIS/Device/ST/STM32F7xx/Include" -I"C:/Users/Ecto1/Documents/GitHub/-Embedded-systems-/Project/ProjectV2/GUI" -I"C:/Users/Ecto1/Documents/GitHub/-Embedded-systems-/Project/ProjectV2/GUI/inc" -I"C:/Users/Ecto1/Documents/GitHub/-Embedded-systems-/Project/ProjectV2/GUI/lib" -I"C:/Users/Ecto1/Documents/GitHub/-Embedded-systems-/Project/ProjectV2/Drivers/BSP" -I"C:/Users/Ecto1/Documents/GitHub/-Embedded-systems-/Project/ProjectV2/Drivers/BSP/inc" -I"C:/Users/Ecto1/Documents/GitHub/-Embedded-systems-/Project/ProjectV2/Drivers/BSP/src" -I"C:/Users/Ecto1/Documents/GitHub/-Embedded-systems-/Project/ProjectV2/Drivers/BSP/Common" -I"C:/Users/Ecto1/Documents/GitHub/-Embedded-systems-/Project/ProjectV2/Drivers/BSP/Components" -I"C:/Users/Ecto1/Documents/GitHub/-Embedded-systems-/Project/ProjectV2/Drivers/BSP/Components/ft5336" -I"C:/Users/Ecto1/Documents/GitHub/-Embedded-systems-/Project/ProjectV2/Drivers/BSP/Components/rk043fn48h" -I"C:/Users/Ecto1/Documents/GitHub/-Embedded-systems-/Project/ProjectV2/Drivers/BSP/Utilities" -I"C:/Users/Ecto1/Documents/GitHub/-Embedded-systems-/Project/ProjectV2/Drivers/BSP/Utilities/Fonts"  -O0 -g3 -Wall -fmessage-length=0 -ffunction-sections -c -fmessage-length=0 -MMD -MP -MF"Src/main.d" -MT"Src/main.o" -o "Src/main.o" "../Src/main.c"
'Finished building: ../Src/main.c'
' '
'Building target: ProjectV2.elf'
'Invoking: MCU GCC Linker'
arm-none-eabi-gcc -mcpu=cortex-m7 -mthumb -mfloat-abi=hard -mfpu=fpv5-sp-d16 -L"C:\Users\Ecto1\Documents\GitHub\-Embedded-systems-\Project\ProjectV2\GUI\lib" -specs=nosys.specs -specs=nano.specs -T"../STM32F746NGHx_FLASH.ld" -Wl,-Map=output.map -Wl,--gc-sections -lm -o "ProjectV2.elf" @"objects.list"  -l:STemWin528_CM7_GCC.a
'Finished building target: ProjectV2.elf'
' '
make --no-print-directory post-build
'Generating binary and Printing size information:'
arm-none-eabi-objcopy -O binary "ProjectV2.elf" "ProjectV2.bin"
arm-none-eabi-size "ProjectV2.elf"
   text	   data	    bss	    dec	    hex	filename
  74344	     40	 159472	 233856	  39180	ProjectV2.elf
' '
14:28:08 **** Incremental Build of configuration Debug for project ProjectV2 ****
make all 
make: Nothing to be done for `all'.
