Archive member included to satisfy reference by file (symbol)

c:/ac6/systemworkbench/plugins/fr.ac6.mcu.externaltools.arm-none.win32_1.7.0.201602121829/tools/compiler/bin/../lib/gcc/arm-none-eabi/5.2.1/../../../../arm-none-eabi/lib/armv7e-m/fpu/fpv5-sp-d16\libc_nano.a(lib_a-exit.o)
                              c:/ac6/systemworkbench/plugins/fr.ac6.mcu.externaltools.arm-none.win32_1.7.0.201602121829/tools/compiler/bin/../lib/gcc/arm-none-eabi/5.2.1/../../../../arm-none-eabi/lib/armv7e-m/fpu/fpv5-sp-d16/crt0.o (exit)
c:/ac6/systemworkbench/plugins/fr.ac6.mcu.externaltools.arm-none.win32_1.7.0.201602121829/tools/compiler/bin/../lib/gcc/arm-none-eabi/5.2.1/../../../../arm-none-eabi/lib/armv7e-m/fpu/fpv5-sp-d16\libc_nano.a(lib_a-impure.o)
                              c:/ac6/systemworkbench/plugins/fr.ac6.mcu.externaltools.arm-none.win32_1.7.0.201602121829/tools/compiler/bin/../lib/gcc/arm-none-eabi/5.2.1/../../../../arm-none-eabi/lib/armv7e-m/fpu/fpv5-sp-d16\libc_nano.a(lib_a-exit.o) (_global_impure_ptr)
c:/ac6/systemworkbench/plugins/fr.ac6.mcu.externaltools.arm-none.win32_1.7.0.201602121829/tools/compiler/bin/../lib/gcc/arm-none-eabi/5.2.1/../../../../arm-none-eabi/lib/armv7e-m/fpu/fpv5-sp-d16\libc_nano.a(lib_a-init.o)
                              c:/ac6/systemworkbench/plugins/fr.ac6.mcu.externaltools.arm-none.win32_1.7.0.201602121829/tools/compiler/bin/../lib/gcc/arm-none-eabi/5.2.1/../../../../arm-none-eabi/lib/armv7e-m/fpu/fpv5-sp-d16/crt0.o (__libc_init_array)
c:/ac6/systemworkbench/plugins/fr.ac6.mcu.externaltools.arm-none.win32_1.7.0.201602121829/tools/compiler/bin/../lib/gcc/arm-none-eabi/5.2.1/../../../../arm-none-eabi/lib/armv7e-m/fpu/fpv5-sp-d16\libc_nano.a(lib_a-memset.o)
                              c:/ac6/systemworkbench/plugins/fr.ac6.mcu.externaltools.arm-none.win32_1.7.0.201602121829/tools/compiler/bin/../lib/gcc/arm-none-eabi/5.2.1/../../../../arm-none-eabi/lib/armv7e-m/fpu/fpv5-sp-d16/crt0.o (memset)
c:/ac6/systemworkbench/plugins/fr.ac6.mcu.externaltools.arm-none.win32_1.7.0.201602121829/tools/compiler/bin/../lib/gcc/arm-none-eabi/5.2.1/../../../../arm-none-eabi/lib/armv7e-m/fpu/fpv5-sp-d16\libnosys.a(_exit.o)
                              c:/ac6/systemworkbench/plugins/fr.ac6.mcu.externaltools.arm-none.win32_1.7.0.201602121829/tools/compiler/bin/../lib/gcc/arm-none-eabi/5.2.1/../../../../arm-none-eabi/lib/armv7e-m/fpu/fpv5-sp-d16\libc_nano.a(lib_a-exit.o) (_exit)

Allocating common symbols
Common symbol       size              file

sdramHandle         0x34              Drivers/src/stm32746g_discovery_sdram.o
hi2c3               0x4c              Src/main.o
hspi2               0x64              Src/main.o
hi2c1               0x4c              Src/main.o
hLtdcHandler        0xa8              Drivers/src/stm32746g_discovery_lcd.o
uwTick              0x4               Drivers/STM32F7xx_HAL_Driver/Src/stm32f7xx_hal.o
pFlash              0x1c              Drivers/STM32F7xx_HAL_Driver/Src/stm32f7xx_hal_flash.o
hltdc               0xa8              Src/main.o
huart1              0x70              Src/main.o
huart6              0x70              Src/main.o
hdma2d              0x40              Src/main.o
hsdram1             0x34              Src/main.o
hqspi               0x44              Src/main.o

Discarded input sections

 .text          0x00000000        0x0 c:/ac6/systemworkbench/plugins/fr.ac6.mcu.externaltools.arm-none.win32_1.7.0.201602121829/tools/compiler/bin/../lib/gcc/arm-none-eabi/5.2.1/armv7e-m/fpu/fpv5-sp-d16/crti.o
 .data          0x00000000        0x0 c:/ac6/systemworkbench/plugins/fr.ac6.mcu.externaltools.arm-none.win32_1.7.0.201602121829/tools/compiler/bin/../lib/gcc/arm-none-eabi/5.2.1/armv7e-m/fpu/fpv5-sp-d16/crti.o
 .bss           0x00000000        0x0 c:/ac6/systemworkbench/plugins/fr.ac6.mcu.externaltools.arm-none.win32_1.7.0.201602121829/tools/compiler/bin/../lib/gcc/arm-none-eabi/5.2.1/armv7e-m/fpu/fpv5-sp-d16/crti.o
 .data          0x00000000        0x4 c:/ac6/systemworkbench/plugins/fr.ac6.mcu.externaltools.arm-none.win32_1.7.0.201602121829/tools/compiler/bin/../lib/gcc/arm-none-eabi/5.2.1/armv7e-m/fpu/fpv5-sp-d16/crtbegin.o
 .text          0x00000000       0x74 c:/ac6/systemworkbench/plugins/fr.ac6.mcu.externaltools.arm-none.win32_1.7.0.201602121829/tools/compiler/bin/../lib/gcc/arm-none-eabi/5.2.1/../../../../arm-none-eabi/lib/armv7e-m/fpu/fpv5-sp-d16/crt0.o
 .data          0x00000000        0x0 c:/ac6/systemworkbench/plugins/fr.ac6.mcu.externaltools.arm-none.win32_1.7.0.201602121829/tools/compiler/bin/../lib/gcc/arm-none-eabi/5.2.1/../../../../arm-none-eabi/lib/armv7e-m/fpu/fpv5-sp-d16/crt0.o
 .bss           0x00000000        0x0 c:/ac6/systemworkbench/plugins/fr.ac6.mcu.externaltools.arm-none.win32_1.7.0.201602121829/tools/compiler/bin/../lib/gcc/arm-none-eabi/5.2.1/../../../../arm-none-eabi/lib/armv7e-m/fpu/fpv5-sp-d16/crt0.o
[...]
Memory Configuration

Name             Origin             Length             Attributes
RAM              0x20000000         0x00050000         xrw
FLASH            0x08000000         0x00100000         xr
*default*        0x00000000         0xffffffff

Linker script and memory map

LOAD c:/ac6/systemworkbench/plugins/fr.ac6.mcu.externaltools.arm-none.win32_1.7.0.201602121829/tools/compiler/bin/../lib/gcc/arm-none-eabi/5.2.1/armv7e-m/fpu/fpv5-sp-d16/crti.o
LOAD c:/ac6/systemworkbench/plugins/fr.ac6.mcu.externaltools.arm-none.win32_1.7.0.201602121829/tools/compiler/bin/../lib/gcc/arm-none-eabi/5.2.1/armv7e-m/fpu/fpv5-sp-d16/crtbegin.o
LOAD c:/ac6/systemworkbench/plugins/fr.ac6.mcu.externaltools.arm-none.win32_1.7.0.201602121829/tools/compiler/bin/../lib/gcc/arm-none-eabi/5.2.1/../../../../arm-none-eabi/lib/armv7e-m/fpu/fpv5-sp-d16/crt0.o
LOAD c:/ac6/systemworkbench/plugins/fr.ac6.mcu.externaltools.arm-none.win32_1.7.0.201602121829/tools/compiler/bin/../lib/gcc/arm-none-eabi/5.2.1/../../../../arm-none-eabi/lib/armv7e-m/fpu/fpv5-sp-d16\libm.a
LOAD Drivers/CMSIS/Device/ST/STM32F7xx/Source/Templates/gcc/startup_stm32f746xx.o
LOAD Drivers/CMSIS/Device/ST/STM32F7xx/Source/Templates/system_stm32f7xx.o
LOAD Drivers/STM32F7xx_HAL_Driver/Src/stm32f7xx_hal.o
LOAD Drivers/STM32F7xx_HAL_Driver/Src/stm32f7xx_hal_cortex.o
LOAD Drivers/STM32F7xx_HAL_Driver/Src/stm32f7xx_hal_dma.o
LOAD Drivers/STM32F7xx_HAL_Driver/Src/stm32f7xx_hal_dma2d.o
LOAD Drivers/STM32F7xx_HAL_Driver/Src/stm32f7xx_hal_dma_ex.o
LOAD Drivers/STM32F7xx_HAL_Driver/Src/stm32f7xx_hal_dsi.o
LOAD Drivers/STM32F7xx_HAL_Driver/Src/stm32f7xx_hal_flash.o
LOAD Drivers/STM32F7xx_HAL_Driver/Src/stm32f7xx_hal_flash_ex.o
LOAD Drivers/STM32F7xx_HAL_Driver/Src/stm32f7xx_hal_gpio.o
LOAD Drivers/STM32F7xx_HAL_Driver/Src/stm32f7xx_hal_i2c.o
LOAD Drivers/STM32F7xx_HAL_Driver/Src/stm32f7xx_hal_i2c_ex.o
LOAD Drivers/STM32F7xx_HAL_Driver/Src/stm32f7xx_hal_ltdc.o
LOAD Drivers/STM32F7xx_HAL_Driver/Src/stm32f7xx_hal_ltdc_ex.o
LOAD Drivers/STM32F7xx_HAL_Driver/Src/stm32f7xx_hal_pwr.o
LOAD Drivers/STM32F7xx_HAL_Driver/Src/stm32f7xx_hal_pwr_ex.o
LOAD Drivers/STM32F7xx_HAL_Driver/Src/stm32f7xx_hal_qspi.o
LOAD Drivers/STM32F7xx_HAL_Driver/Src/stm32f7xx_hal_rcc.o
LOAD Drivers/STM32F7xx_HAL_Driver/Src/stm32f7xx_hal_rcc_ex.o
LOAD Drivers/STM32F7xx_HAL_Driver/Src/stm32f7xx_hal_sdram.o
LOAD Drivers/STM32F7xx_HAL_Driver/Src/stm32f7xx_hal_spi.o
LOAD Drivers/STM32F7xx_HAL_Driver/Src/stm32f7xx_hal_tim.o
LOAD Drivers/STM32F7xx_HAL_Driver/Src/stm32f7xx_hal_tim_ex.o
LOAD Drivers/STM32F7xx_HAL_Driver/Src/stm32f7xx_hal_uart.o
LOAD Drivers/STM32F7xx_HAL_Driver/Src/stm32f7xx_ll_fmc.o
LOAD Drivers/components/ft5336.o
LOAD Drivers/src/stm32746g_discovery.o
LOAD Drivers/src/stm32746g_discovery_lcd.o
LOAD Drivers/src/stm32746g_discovery_sdram.o
LOAD Drivers/src/stm32746g_discovery_ts.o
LOAD Src/main.o
LOAD Src/stm32f7xx_hal_msp.o
LOAD Src/stm32f7xx_it.o
START GROUP
LOAD c:/ac6/systemworkbench/plugins/fr.ac6.mcu.externaltools.arm-none.win32_1.7.0.201602121829/tools/compiler/bin/../lib/gcc/arm-none-eabi/5.2.1/armv7e-m/fpu/fpv5-sp-d16\libgcc.a
LOAD c:/ac6/systemworkbench/plugins/fr.ac6.mcu.externaltools.arm-none.win32_1.7.0.201602121829/tools/compiler/bin/../lib/gcc/arm-none-eabi/5.2.1/../../../../arm-none-eabi/lib/armv7e-m/fpu/fpv5-sp-d16\libc_nano.a
END GROUP
START GROUP
LOAD c:/ac6/systemworkbench/plugins/fr.ac6.mcu.externaltools.arm-none.win32_1.7.0.201602121829/tools/compiler/bin/../lib/gcc/arm-none-eabi/5.2.1/armv7e-m/fpu/fpv5-sp-d16\libgcc.a
LOAD c:/ac6/systemworkbench/plugins/fr.ac6.mcu.externaltools.arm-none.win32_1.7.0.201602121829/tools/compiler/bin/../lib/gcc/arm-none-eabi/5.2.1/../../../../arm-none-eabi/lib/armv7e-m/fpu/fpv5-sp-d16\libc_nano.a
LOAD c:/ac6/systemworkbench/plugins/fr.ac6.mcu.externaltools.arm-none.win32_1.7.0.201602121829/tools/compiler/bin/../lib/gcc/arm-none-eabi/5.2.1/../../../../arm-none-eabi/lib/armv7e-m/fpu/fpv5-sp-d16\libnosys.a
END GROUP
START GROUP
LOAD c:/ac6/systemworkbench/plugins/fr.ac6.mcu.externaltools.arm-none.win32_1.7.0.201602121829/tools/compiler/bin/../lib/gcc/arm-none-eabi/5.2.1/armv7e-m/fpu/fpv5-sp-d16\libgcc.a
LOAD c:/ac6/systemworkbench/plugins/fr.ac6.mcu.externaltools.arm-none.win32_1.7.0.201602121829/tools/compiler/bin/../lib/gcc/arm-none-eabi/5.2.1/../../../../arm-none-eabi/lib/armv7e-m/fpu/fpv5-sp-d16\libc_nano.a
LOAD c:/ac6/systemworkbench/plugins/fr.ac6.mcu.externaltools.arm-none.win32_1.7.0.201602121829/tools/compiler/bin/../lib/gcc/arm-none-eabi/5.2.1/../../../../arm-none-eabi/lib/armv7e-m/fpu/fpv5-sp-d16\libnosys.a
END GROUP
LOAD c:/ac6/systemworkbench/plugins/fr.ac6.mcu.externaltools.arm-none.win32_1.7.0.201602121829/tools/compiler/bin/../lib/gcc/arm-none-eabi/5.2.1/armv7e-m/fpu/fpv5-sp-d16/crtend.o
LOAD c:/ac6/systemworkbench/plugins/fr.ac6.mcu.externaltools.arm-none.win32_1.7.0.201602121829/tools/compiler/bin/../lib/gcc/arm-none-eabi/5.2.1/armv7e-m/fpu/fpv5-sp-d16/crtn.o
                0x20050000                _estack = 0x20050000
                0x00000200                _Min_Heap_Size = 0x200
                0x00000400                _Min_Stack_Size = 0x400

.isr_vector     0x08000000      0x1c8
                0x08000000                . = ALIGN (0x4)
 *(.isr_vector)
 .isr_vector    0x08000000      0x1c8 Drivers/CMSIS/Device/ST/STM32F7xx/Source/Templates/gcc/startup_stm32f746xx.o
                0x08000000                g_pfnVectors
                0x080001c8                . = ALIGN (0x4)

.text           0x080001c8     0x449c
                0x080001c8                . = ALIGN (0x4)
 *(.text)
 .text          0x080001c8       0xa4 c:/ac6/systemworkbench/plugins/fr.ac6.mcu.externaltools.arm-none.win32_1.7.0.201602121829/tools/compiler/bin/../lib/gcc/arm-none-eabi/5.2.1/armv7e-m/fpu/fpv5-sp-d16/crtbegin.o
 *(.text*)
 .text.Reset_Handler
                0x0800026c       0x50 Drivers/CMSIS/Device/ST/STM32F7xx/Source/Templates/gcc/startup_stm32f746xx.o
                0x0800026c                Reset_Handler
 .text.Default_Handler
                0x080002bc        0x2 Drivers/CMSIS/Device/ST/STM32F7xx/Source/Templates/gcc/startup_stm32f746xx.o
                0x080002bc                RTC_Alarm_IRQHandler
                0x080002bc                EXTI2_IRQHandler
                0x080002bc                TIM8_CC_IRQHandler
                0x080002bc                DebugMon_Handler
                0x080002bc                UART8_IRQHandler
                0x080002bc                SPI4_IRQHandler
                0x080002bc                TIM1_CC_IRQHandler
                0x080002bc                DMA2_Stream5_IRQHandler
                0x080002bc                HardFault_Handler
                0x080002bc                DMA1_Stream5_IRQHandler
                0x080002bc                PVD_IRQHandler
                0x080002bc                TAMP_STAMP_IRQHandler
                0x080002bc                PendSV_Handler
                0x080002bc                NMI_Handler
                0x080002bc                CAN2_RX1_IRQHandler
                0x080002bc                EXTI3_IRQHandler
                0x080002bc                TIM8_TRG_COM_TIM14_IRQHandler
                0x080002bc                TIM1_UP_TIM10_IRQHandler
                0x080002bc                TIM8_UP_TIM13_IRQHandler
                0x080002bc                I2C3_ER_IRQHandler
                0x080002bc                EXTI0_IRQHandler
                0x080002bc                I2C2_EV_IRQHandler
                0x080002bc                DMA1_Stream2_IRQHandler
                0x080002bc                CAN1_RX0_IRQHandler
                0x080002bc                FPU_IRQHandler
                0x080002bc                OTG_HS_WKUP_IRQHandler
                0x080002bc                UsageFault_Handler
                0x080002bc                LTDC_ER_IRQHandler
                0x080002bc                CAN2_SCE_IRQHandler
                0x080002bc                DMA2_Stream2_IRQHandler
                0x080002bc                SPI1_IRQHandler
                0x080002bc                TIM6_DAC_IRQHandler
                0x080002bc                TIM1_BRK_TIM9_IRQHandler
                0x080002bc                DCMI_IRQHandler
                0x080002bc                CAN2_RX0_IRQHandler
                0x080002bc                DMA2_Stream3_IRQHandler
                0x080002bc                SAI2_IRQHandler
                0x080002bc                USART6_IRQHandler
                0x080002bc                USART3_IRQHandler
                0x080002bc                CAN1_RX1_IRQHandler
                0x080002bc                UART5_IRQHandler
                0x080002bc                DMA2_Stream0_IRQHandler
                0x080002bc                TIM4_IRQHandler
                0x080002bc                QUADSPI_IRQHandler
                0x080002bc                I2C1_EV_IRQHandler
                0x080002bc                DMA1_Stream6_IRQHandler
                0x080002bc                DMA1_Stream1_IRQHandler
                0x080002bc                UART4_IRQHandler
                0x080002bc                TIM3_IRQHandler
                0x080002bc                RCC_IRQHandler
                0x080002bc                TIM8_BRK_TIM12_IRQHandler
                0x080002bc                Default_Handler
                0x080002bc                CEC_IRQHandler
                0x080002bc                EXTI15_10_IRQHandler
                0x080002bc                ADC_IRQHandler
                0x080002bc                DMA1_Stream7_IRQHandler
                0x080002bc                SPI5_IRQHandler
                0x080002bc                TIM7_IRQHandler
                0x080002bc                SDMMC1_IRQHandler
                0x080002bc                CAN2_TX_IRQHandler
                0x080002bc                TIM5_IRQHandler
                0x080002bc                DMA2_Stream7_IRQHandler
                0x080002bc                I2C3_EV_IRQHandler
                0x080002bc                EXTI9_5_IRQHandler
                0x080002bc                RTC_WKUP_IRQHandler
                0x080002bc                LTDC_IRQHandler
                0x080002bc                ETH_WKUP_IRQHandler
                0x080002bc                SPDIF_RX_IRQHandler
                0x080002bc                SPI2_IRQHandler
                0x080002bc                OTG_HS_EP1_IN_IRQHandler
                0x080002bc                MemManage_Handler
                0x080002bc                DMA1_Stream0_IRQHandler
                0x080002bc                CAN1_TX_IRQHandler
                0x080002bc                SVC_Handler
                0x080002bc                EXTI4_IRQHandler
                0x080002bc                RNG_IRQHandler
                0x080002bc                ETH_IRQHandler
                0x080002bc                OTG_HS_EP1_OUT_IRQHandler
                0x080002bc                WWDG_IRQHandler
                0x080002bc                SPI6_IRQHandler
                0x080002bc                I2C4_EV_IRQHandler
                0x080002bc                TIM2_IRQHandler
                0x080002bc                OTG_FS_WKUP_IRQHandler
                0x080002bc                TIM1_TRG_COM_TIM11_IRQHandler
                0x080002bc                OTG_HS_IRQHandler
                0x080002bc                DMA2D_IRQHandler
                0x080002bc                EXTI1_IRQHandler
                0x080002bc                UART7_IRQHandler
                0x080002bc                USART2_IRQHandler
                0x080002bc                I2C2_ER_IRQHandler
                0x080002bc                DMA2_Stream1_IRQHandler
                0x080002bc                CAN1_SCE_IRQHandler
                0x080002bc                FLASH_IRQHandler
                0x080002bc                DMA2_Stream4_IRQHandler
                0x080002bc                BusFault_Handler
                0x080002bc                USART1_IRQHandler
                0x080002bc                OTG_FS_IRQHandler
                0x080002bc                SPI3_IRQHandler
                0x080002bc                DMA1_Stream4_IRQHandler
                0x080002bc                I2C1_ER_IRQHandler
                0x080002bc                FMC_IRQHandler
                0x080002bc                LPTIM1_IRQHandler
                0x080002bc                I2C4_ER_IRQHandler
                0x080002bc                DMA2_Stream6_IRQHandler
                0x080002bc                SAI1_IRQHandler
                0x080002bc                DMA1_Stream3_IRQHandler
 *fill*         0x080002be        0x2 
 .text.SystemInit
                0x080002c0       0x4c Drivers/CMSIS/Device/ST/STM32F7xx/Source/Templates/system_stm32f7xx.o
                0x080002c0                SystemInit
 .text.HAL_InitTick
                0x0800030c       0x28 Drivers/STM32F7xx_HAL_Driver/Src/stm32f7xx_hal.o
                0x0800030c                HAL_InitTick
 .text.HAL_Init
                0x08000334       0x16 Drivers/STM32F7xx_HAL_Driver/Src/stm32f7xx_hal.o
                0x08000334                HAL_Init
 *fill*         0x0800034a        0x2 
 .text.HAL_IncTick
                0x0800034c       0x10 Drivers/STM32F7xx_HAL_Driver/Src/stm32f7xx_hal.o
                0x0800034c                HAL_IncTick
 .text.HAL_GetTick
                0x0800035c        0xc Drivers/STM32F7xx_HAL_Driver/Src/stm32f7xx_hal.o
                0x0800035c                HAL_GetTick
 .text.HAL_Delay
                0x08000368       0x1a Drivers/STM32F7xx_HAL_Driver/Src/stm32f7xx_hal.o
                0x08000368                HAL_Delay
 *fill*         0x08000382        0x2 
 .text.HAL_NVIC_SetPriorityGrouping
                0x08000384       0x24 Drivers/STM32F7xx_HAL_Driver/Src/stm32f7xx_hal_cortex.o
                0x08000384                HAL_NVIC_SetPriorityGrouping
 .text.HAL_NVIC_SetPriority
                0x080003a8       0x70 Drivers/STM32F7xx_HAL_Driver/Src/stm32f7xx_hal_cortex.o
                0x080003a8                HAL_NVIC_SetPriority
 .text.HAL_NVIC_EnableIRQ
                0x08000418       0x18 Drivers/STM32F7xx_HAL_Driver/Src/stm32f7xx_hal_cortex.o
                0x08000418                HAL_NVIC_EnableIRQ
 .text.HAL_SYSTICK_Config
                0x08000430       0x2c Drivers/STM32F7xx_HAL_Driver/Src/stm32f7xx_hal_cortex.o
                0x08000430                HAL_SYSTICK_Config
 .text.HAL_SYSTICK_CLKSourceConfig
                0x0800045c       0x18 Drivers/STM32F7xx_HAL_Driver/Src/stm32f7xx_hal_cortex.o
                0x0800045c                HAL_SYSTICK_CLKSourceConfig
 .text.HAL_SYSTICK_Callback
                0x08000474        0x2 Drivers/STM32F7xx_HAL_Driver/Src/stm32f7xx_hal_cortex.o
                0x08000474                HAL_SYSTICK_Callback
 .text.HAL_SYSTICK_IRQHandler
                0x08000476        0x8 Drivers/STM32F7xx_HAL_Driver/Src/stm32f7xx_hal_cortex.o
                0x08000476                HAL_SYSTICK_IRQHandler
 *fill*         0x0800047e        0x2 
 .text.DMA_CalcBaseAndBitshift
                0x08000480       0x2c Drivers/STM32F7xx_HAL_Driver/Src/stm32f7xx_hal_dma.o
 .text.HAL_DMA_Init
                0x080004ac       0xec Drivers/STM32F7xx_HAL_Driver/Src/stm32f7xx_hal_dma.o
                0x080004ac                HAL_DMA_Init
 .text.HAL_DMA_DeInit
                0x08000598       0x4a Drivers/STM32F7xx_HAL_Driver/Src/stm32f7xx_hal_dma.o
                0x08000598                HAL_DMA_DeInit
 *fill*         0x080005e2        0x2 
 .text.DMA2D_SetConfig
                0x080005e4       0xa0 Drivers/STM32F7xx_HAL_Driver/Src/stm32f7xx_hal_dma2d.o
 .text.HAL_DMA2D_Init
                0x08000684       0x58 Drivers/STM32F7xx_HAL_Driver/Src/stm32f7xx_hal_dma2d.o
                0x08000684                HAL_DMA2D_Init
 .text.HAL_DMA2D_Start
                0x080006dc       0x34 Drivers/STM32F7xx_HAL_Driver/Src/stm32f7xx_hal_dma2d.o
                0x080006dc                HAL_DMA2D_Start
 .text.HAL_DMA2D_PollForTransfer
                0x08000710      0x10a Drivers/STM32F7xx_HAL_Driver/Src/stm32f7xx_hal_dma2d.o
                0x08000710                HAL_DMA2D_PollForTransfer
 *fill*         0x0800081a        0x2 
 .text.HAL_DMA2D_ConfigLayer
                0x0800081c       0xb4 Drivers/STM32F7xx_HAL_Driver/Src/stm32f7xx_hal_dma2d.o
                0x0800081c                HAL_DMA2D_ConfigLayer
 .text.HAL_GPIO_Init
                0x080008d0      0x1d8 Drivers/STM32F7xx_HAL_Driver/Src/stm32f7xx_hal_gpio.o
                0x080008d0                HAL_GPIO_Init
 .text.HAL_GPIO_DeInit
                0x08000aa8      0x14c Drivers/STM32F7xx_HAL_Driver/Src/stm32f7xx_hal_gpio.o
                0x08000aa8                HAL_GPIO_DeInit
 .text.HAL_GPIO_WritePin
                0x08000bf4        0x8 Drivers/STM32F7xx_HAL_Driver/Src/stm32f7xx_hal_gpio.o
                0x08000bf4                HAL_GPIO_WritePin
 .text.I2C_Flush_TXDR
                0x08000bfc       0x1c Drivers/STM32F7xx_HAL_Driver/Src/stm32f7xx_hal_i2c.o
 .text.I2C_TransferConfig
                0x08000c18       0x24 Drivers/STM32F7xx_HAL_Driver/Src/stm32f7xx_hal_i2c.o
 .text.I2C_WaitOnFlagUntilTimeout
                0x08000c3c       0x4e Drivers/STM32F7xx_HAL_Driver/Src/stm32f7xx_hal_i2c.o
 *fill*         0x08000c8a        0x2 
 .text.I2C_IsAcknowledgeFailed
                0x08000c8c       0x74 Drivers/STM32F7xx_HAL_Driver/Src/stm32f7xx_hal_i2c.o
 .text.I2C_WaitOnTXISFlagUntilTimeout
                0x08000d00       0x52 Drivers/STM32F7xx_HAL_Driver/Src/stm32f7xx_hal_i2c.o
 .text.I2C_RequestMemoryWrite
                0x08000d52       0x68 Drivers/STM32F7xx_HAL_Driver/Src/stm32f7xx_hal_i2c.o
 .text.I2C_RequestMemoryRead
                0x08000dba       0x66 Drivers/STM32F7xx_HAL_Driver/Src/stm32f7xx_hal_i2c.o
 .text.I2C_WaitOnSTOPFlagUntilTimeout
                0x08000e20       0x4e Drivers/STM32F7xx_HAL_Driver/Src/stm32f7xx_hal_i2c.o
 .text.HAL_I2C_Init
                0x08000e6e       0x9c Drivers/STM32F7xx_HAL_Driver/Src/stm32f7xx_hal_i2c.o
                0x08000e6e                HAL_I2C_Init
 .text.HAL_I2C_DeInit
                0x08000f0a       0x32 Drivers/STM32F7xx_HAL_Driver/Src/stm32f7xx_hal_i2c.o
                0x08000f0a                HAL_I2C_DeInit
 .text.HAL_I2C_Mem_Write
                0x08000f3c      0x16c Drivers/STM32F7xx_HAL_Driver/Src/stm32f7xx_hal_i2c.o
                0x08000f3c                HAL_I2C_Mem_Write
 .text.HAL_I2C_Mem_Read
                0x080010a8      0x178 Drivers/STM32F7xx_HAL_Driver/Src/stm32f7xx_hal_i2c.o
                0x080010a8                HAL_I2C_Mem_Read
 .text.HAL_I2C_GetState
                0x08001220        0x6 Drivers/STM32F7xx_HAL_Driver/Src/stm32f7xx_hal_i2c.o
                0x08001220                HAL_I2C_GetState
 .text.HAL_I2CEx_ConfigAnalogFilter
                0x08001226       0x4c Drivers/STM32F7xx_HAL_Driver/Src/stm32f7xx_hal_i2c_ex.o
                0x08001226                HAL_I2CEx_ConfigAnalogFilter
 .text.LTDC_SetConfig
                0x08001272      0x112 Drivers/STM32F7xx_HAL_Driver/Src/stm32f7xx_hal_ltdc.o
 .text.HAL_LTDC_Init
                0x08001384       0xe8 Drivers/STM32F7xx_HAL_Driver/Src/stm32f7xx_hal_ltdc.o
                0x08001384                HAL_LTDC_Init
 .text.HAL_LTDC_ConfigLayer
                0x0800146c       0x52 Drivers/STM32F7xx_HAL_Driver/Src/stm32f7xx_hal_ltdc.o
                0x0800146c                HAL_LTDC_ConfigLayer
 .text.HAL_LTDC_GetState
                0x080014be        0x6 Drivers/STM32F7xx_HAL_Driver/Src/stm32f7xx_hal_ltdc.o
                0x080014be                HAL_LTDC_GetState
 .text.QSPI_WaitFlagStateUntilTimeout
                0x080014c4       0x4c Drivers/STM32F7xx_HAL_Driver/Src/stm32f7xx_hal_qspi.o
 .text.HAL_QSPI_Init
                0x08001510       0xb8 Drivers/STM32F7xx_HAL_Driver/Src/stm32f7xx_hal_qspi.o
                0x08001510                HAL_QSPI_Init
 .text.HAL_RCC_OscConfig
                0x080015c8      0x334 Drivers/STM32F7xx_HAL_Driver/Src/stm32f7xx_hal_rcc.o
                0x080015c8                HAL_RCC_OscConfig
 .text.HAL_RCC_GetSysClockFreq
                0x080018fc       0x7c Drivers/STM32F7xx_HAL_Driver/Src/stm32f7xx_hal_rcc.o
                0x080018fc                HAL_RCC_GetSysClockFreq
 .text.HAL_RCC_ClockConfig
                0x08001978      0x154 Drivers/STM32F7xx_HAL_Driver/Src/stm32f7xx_hal_rcc.o
                0x08001978                HAL_RCC_ClockConfig
 .text.HAL_RCC_GetHCLKFreq
                0x08001acc        0xc Drivers/STM32F7xx_HAL_Driver/Src/stm32f7xx_hal_rcc.o
                0x08001acc                HAL_RCC_GetHCLKFreq
 .text.HAL_RCC_GetPCLK1Freq
                0x08001ad8       0x30 Drivers/STM32F7xx_HAL_Driver/Src/stm32f7xx_hal_rcc.o
                0x08001ad8                HAL_RCC_GetPCLK1Freq
 .text.HAL_RCC_GetPCLK2Freq
                0x08001b08       0x30 Drivers/STM32F7xx_HAL_Driver/Src/stm32f7xx_hal_rcc.o
                0x08001b08                HAL_RCC_GetPCLK2Freq
 .text.HAL_RCCEx_PeriphCLKConfig
                0x08001b38      0x74c Drivers/STM32F7xx_HAL_Driver/Src/stm32f7xx_hal_rcc_ex.o
                0x08001b38                HAL_RCCEx_PeriphCLKConfig
 .text.HAL_SDRAM_Init
                0x08002284       0x40 Drivers/STM32F7xx_HAL_Driver/Src/stm32f7xx_hal_sdram.o
                0x08002284                HAL_SDRAM_Init
 .text.HAL_SDRAM_SendCommand
                0x080022c4       0x2e Drivers/STM32F7xx_HAL_Driver/Src/stm32f7xx_hal_sdram.o
                0x080022c4                HAL_SDRAM_SendCommand
 .text.HAL_SDRAM_ProgramRefreshRate
                0x080022f2       0x24 Drivers/STM32F7xx_HAL_Driver/Src/stm32f7xx_hal_sdram.o
                0x080022f2                HAL_SDRAM_ProgramRefreshRate
 .text.HAL_SPI_Init
                0x08002316       0x9e Drivers/STM32F7xx_HAL_Driver/Src/stm32f7xx_hal_spi.o
                0x08002316                HAL_SPI_Init
 .text.UART_WaitOnFlagUntilTimeout
                0x080023b4       0x62 Drivers/STM32F7xx_HAL_Driver/Src/stm32f7xx_hal_uart.o
                0x080023b4                UART_WaitOnFlagUntilTimeout
 *fill*         0x08002416        0x2 
 .text.UART_SetConfig
                0x08002418      0x268 Drivers/STM32F7xx_HAL_Driver/Src/stm32f7xx_hal_uart.o
                0x08002418                UART_SetConfig
 .text.UART_AdvFeatureConfig
                0x08002680       0xaa Drivers/STM32F7xx_HAL_Driver/Src/stm32f7xx_hal_uart.o
                0x08002680                UART_AdvFeatureConfig
 .text.UART_CheckIdleState
                0x0800272a       0x68 Drivers/STM32F7xx_HAL_Driver/Src/stm32f7xx_hal_uart.o
                0x0800272a                UART_CheckIdleState
 .text.HAL_UART_Init
                0x08002792       0x64 Drivers/STM32F7xx_HAL_Driver/Src/stm32f7xx_hal_uart.o
                0x08002792                HAL_UART_Init
 .text.FMC_SDRAM_Init
                0x080027f6       0x82 Drivers/STM32F7xx_HAL_Driver/Src/stm32f7xx_ll_fmc.o
                0x080027f6                FMC_SDRAM_Init
 .text.FMC_SDRAM_Timing_Init
                0x08002878       0x98 Drivers/STM32F7xx_HAL_Driver/Src/stm32f7xx_ll_fmc.o
                0x08002878                FMC_SDRAM_Timing_Init
 .text.FMC_SDRAM_SendCommand
                0x08002910       0x4c Drivers/STM32F7xx_HAL_Driver/Src/stm32f7xx_ll_fmc.o
                0x08002910                FMC_SDRAM_SendCommand
 .text.FMC_SDRAM_ProgramRefreshRate
                0x0800295c        0xc Drivers/STM32F7xx_HAL_Driver/Src/stm32f7xx_ll_fmc.o
                0x0800295c                FMC_SDRAM_ProgramRefreshRate
 .text.ft5336_TS_ITStatus
                0x08002968        0x4 Drivers/components/ft5336.o
                0x08002968                ft5336_TS_ITStatus
 .text.ft5336_TS_ClearIT
                0x0800296c        0x2 Drivers/components/ft5336.o
                0x0800296c                ft5336_TS_ClearIT
 *fill*         0x0800296e        0x2 
 .text.ft5336_ReadID
                0x08002970       0x48 Drivers/components/ft5336.o
                0x08002970                ft5336_ReadID
 .text.ft5336_TS_DetectTouch
                0x080029b8       0x44 Drivers/components/ft5336.o
                0x080029b8                ft5336_TS_DetectTouch
 .text.ft5336_TS_GetXY
                0x080029fc       0xac Drivers/components/ft5336.o
                0x080029fc                ft5336_TS_GetXY
 .text.ft5336_TS_EnableIT
                0x08002aa8        0xa Drivers/components/ft5336.o
                0x08002aa8                ft5336_TS_EnableIT
 .text.ft5336_TS_DisableIT
                0x08002ab2        0xa Drivers/components/ft5336.o
                0x08002ab2                ft5336_TS_DisableIT
 .text.ft5336_TS_Start
                0x08002abc        0x4 Drivers/components/ft5336.o
                0x08002abc                ft5336_TS_Start
 .text.ft5336_Reset
                0x08002ac0        0x2 Drivers/components/ft5336.o
                0x08002ac0                ft5336_Reset
 *fill*         0x08002ac2        0x2 
 .text.ft5336_Init
                0x08002ac4       0x1c Drivers/components/ft5336.o
                0x08002ac4                ft5336_Init
 .text.ft5336_TS_GetGestureID
                0x08002ae0       0x20 Drivers/components/ft5336.o
                0x08002ae0                ft5336_TS_GetGestureID
 .text.ft5336_TS_GetTouchInfo
                0x08002b00       0x84 Drivers/components/ft5336.o
                0x08002b00                ft5336_TS_GetTouchInfo
 .text.I2Cx_Init
                0x08002b84      0x154 Drivers/src/stm32746g_discovery.o
 .text.I2Cx_ReadMultiple
                0x08002cd8       0x30 Drivers/src/stm32746g_discovery.o
 .text.I2Cx_WriteMultiple
                0x08002d08       0x30 Drivers/src/stm32746g_discovery.o
 .text.TS_IO_Init
                0x08002d38        0xc Drivers/src/stm32746g_discovery.o
                0x08002d38                TS_IO_Init
 .text.TS_IO_Write
                0x08002d44       0x20 Drivers/src/stm32746g_discovery.o
                0x08002d44                TS_IO_Write
 .text.TS_IO_Read
                0x08002d64       0x28 Drivers/src/stm32746g_discovery.o
                0x08002d64                TS_IO_Read
 .text.TS_IO_Delay
                0x08002d8c        0x4 Drivers/src/stm32746g_discovery.o
                0x08002d8c                TS_IO_Delay
 .text.LL_FillBuffer
                0x08002d90       0x78 Drivers/src/stm32746g_discovery_lcd.o
 .text.BSP_LCD_LayerDefaultInit
                0x08002e08       0x74 Drivers/src/stm32746g_discovery_lcd.o
                0x08002e08                BSP_LCD_LayerDefaultInit
 .text.BSP_LCD_SelectLayer
                0x08002e7c        0xc Drivers/src/stm32746g_discovery_lcd.o
                0x08002e7c                BSP_LCD_SelectLayer
 .text.BSP_LCD_SetTextColor
                0x08002e88       0x14 Drivers/src/stm32746g_discovery_lcd.o
                0x08002e88                BSP_LCD_SetTextColor
 .text.BSP_LCD_SetFont
                0x08002e9c       0x14 Drivers/src/stm32746g_discovery_lcd.o
                0x08002e9c                BSP_LCD_SetFont
 .text.BSP_LCD_Clear
                0x08002eb0       0x2c Drivers/src/stm32746g_discovery_lcd.o
                0x08002eb0                BSP_LCD_Clear
 .text.BSP_LCD_DrawPixel
                0x08002edc       0x34 Drivers/src/stm32746g_discovery_lcd.o
                0x08002edc                BSP_LCD_DrawPixel
 .text.BSP_LCD_DisplayChar
                0x08002f10       0xc8 Drivers/src/stm32746g_discovery_lcd.o
                0x08002f10                BSP_LCD_DisplayChar
 .text.BSP_LCD_DisplayStringAt
                0x08002fd8       0xa4 Drivers/src/stm32746g_discovery_lcd.o
                0x08002fd8                BSP_LCD_DisplayStringAt
 .text.BSP_LCD_DrawBitmap
                0x0800307c       0xe0 Drivers/src/stm32746g_discovery_lcd.o
                0x0800307c                BSP_LCD_DrawBitmap
 .text.BSP_LCD_FillRect
                0x0800315c       0x54 Drivers/src/stm32746g_discovery_lcd.o
                0x0800315c                BSP_LCD_FillRect
 .text.BSP_LCD_ClearStringLine
                0x080031b0       0x40 Drivers/src/stm32746g_discovery_lcd.o
                0x080031b0                BSP_LCD_ClearStringLine
 .text.BSP_LCD_DisplayOn
                0x080031f0       0x34 Drivers/src/stm32746g_discovery_lcd.o
                0x080031f0                BSP_LCD_DisplayOn
 .text.BSP_LCD_MspInit
                0x08003224      0x148 Drivers/src/stm32746g_discovery_lcd.o
                0x08003224                BSP_LCD_MspInit
 .text.BSP_LCD_ClockConfig
                0x0800336c       0x20 Drivers/src/stm32746g_discovery_lcd.o
                0x0800336c                BSP_LCD_ClockConfig
 .text.BSP_LCD_Init
                0x0800338c       0xb4 Drivers/src/stm32746g_discovery_lcd.o
                0x0800338c                BSP_LCD_Init
 .text.BSP_SDRAM_Initialization_sequence
                0x08003440       0x98 Drivers/src/stm32746g_discovery_sdram.o
                0x08003440                BSP_SDRAM_Initialization_sequence
 .text.BSP_SDRAM_MspInit
                0x080034d8      0x180 Drivers/src/stm32746g_discovery_sdram.o
                0x080034d8                BSP_SDRAM_MspInit
 .text.BSP_SDRAM_Init
                0x08003658       0x84 Drivers/src/stm32746g_discovery_sdram.o
                0x08003658                BSP_SDRAM_Init
 .text.BSP_TS_Init
                0x080036dc       0x38 Drivers/src/stm32746g_discovery_ts.o
                0x080036dc                BSP_TS_Init
 .text.BSP_TS_Get_GestureId
                0x08003714       0x5c Drivers/src/stm32746g_discovery_ts.o
                0x08003714                BSP_TS_Get_GestureId
 .text.BSP_TS_GetState
                0x08003770      0x15c Drivers/src/stm32746g_discovery_ts.o
                0x08003770                BSP_TS_GetState
 .text.SystemClock_Config
                0x080038cc       0xd8 Src/main.o
                0x080038cc                SystemClock_Config
 .text.startup.main
                0x080039a4      0x7c0 Src/main.o
                0x080039a4                main
 .text.HAL_MspInit
                0x08004164       0x60 Src/stm32f7xx_hal_msp.o
                0x08004164                HAL_MspInit
 .text.HAL_DMA2D_MspInit
                0x080041c4       0x28 Src/stm32f7xx_hal_msp.o
                0x080041c4                HAL_DMA2D_MspInit
 .text.HAL_I2C_MspInit
                0x080041ec       0x94 Src/stm32f7xx_hal_msp.o
                0x080041ec                HAL_I2C_MspInit
 .text.HAL_I2C_MspDeInit
                0x08004280       0x4c Src/stm32f7xx_hal_msp.o
                0x08004280                HAL_I2C_MspDeInit
 .text.HAL_LTDC_MspInit
                0x080042cc       0xb0 Src/stm32f7xx_hal_msp.o
                0x080042cc                HAL_LTDC_MspInit
 .text.HAL_QSPI_MspInit
                0x0800437c       0xa4 Src/stm32f7xx_hal_msp.o
                0x0800437c                HAL_QSPI_MspInit
 .text.HAL_SPI_MspInit
                0x08004420       0x60 Src/stm32f7xx_hal_msp.o
                0x08004420                HAL_SPI_MspInit
 .text.HAL_UART_MspInit
                0x08004480       0xa0 Src/stm32f7xx_hal_msp.o
                0x08004480                HAL_UART_MspInit
 .text.HAL_SDRAM_MspInit
                0x08004520       0xd0 Src/stm32f7xx_hal_msp.o
                0x08004520                HAL_SDRAM_MspInit
 .text.SysTick_Handler
                0x080045f0        0xe Src/stm32f7xx_it.o
                0x080045f0                SysTick_Handler
 *fill*         0x080045fe        0x2 
 .text.__libc_init_array
                0x08004600       0x4c c:/ac6/systemworkbench/plugins/fr.ac6.mcu.externaltools.arm-none.win32_1.7.0.201602121829/tools/compiler/bin/../lib/gcc/arm-none-eabi/5.2.1/../../../../arm-none-eabi/lib/armv7e-m/fpu/fpv5-sp-d16\libc_nano.a(lib_a-init.o)
                0x08004600                __libc_init_array
 *(.glue_7)
 .glue_7        0x0800464c        0x0 linker stubs
 *(.glue_7t)
 .glue_7t       0x0800464c        0x0 linker stubs
 *(.eh_frame)
 .eh_frame      0x0800464c        0x0 c:/ac6/systemworkbench/plugins/fr.ac6.mcu.externaltools.arm-none.win32_1.7.0.201602121829/tools/compiler/bin/../lib/gcc/arm-none-eabi/5.2.1/armv7e-m/fpu/fpv5-sp-d16/crtbegin.o
 *(.init)
 .init          0x0800464c        0x4 c:/ac6/systemworkbench/plugins/fr.ac6.mcu.externaltools.arm-none.win32_1.7.0.201602121829/tools/compiler/bin/../lib/gcc/arm-none-eabi/5.2.1/armv7e-m/fpu/fpv5-sp-d16/crti.o
                0x0800464c                _init
 .init          0x08004650        0x8 c:/ac6/systemworkbench/plugins/fr.ac6.mcu.externaltools.arm-none.win32_1.7.0.201602121829/tools/compiler/bin/../lib/gcc/arm-none-eabi/5.2.1/armv7e-m/fpu/fpv5-sp-d16/crtn.o
 *(.fini)
 .fini          0x08004658        0x4 c:/ac6/systemworkbench/plugins/fr.ac6.mcu.externaltools.arm-none.win32_1.7.0.201602121829/tools/compiler/bin/../lib/gcc/arm-none-eabi/5.2.1/armv7e-m/fpu/fpv5-sp-d16/crti.o
                0x08004658                _fini
 .fini          0x0800465c        0x8 c:/ac6/systemworkbench/plugins/fr.ac6.mcu.externaltools.arm-none.win32_1.7.0.201602121829/tools/compiler/bin/../lib/gcc/arm-none-eabi/5.2.1/armv7e-m/fpu/fpv5-sp-d16/crtn.o
                0x08004664                . = ALIGN (0x4)
                0x08004664                _etext = .

.vfp11_veneer   0x08004664        0x0
 .vfp11_veneer  0x08004664        0x0 linker stubs

.v4_bx          0x08004664        0x0
 .v4_bx         0x08004664        0x0 linker stubs

.iplt           0x08004664        0x0
 .iplt          0x08004664        0x0 c:/ac6/systemworkbench/plugins/fr.ac6.mcu.externaltools.arm-none.win32_1.7.0.201602121829/tools/compiler/bin/../lib/gcc/arm-none-eabi/5.2.1/armv7e-m/fpu/fpv5-sp-d16/crtbegin.o

.rodata         0x08004664    0x1c628
                0x08004664                . = ALIGN (0x4)
 *(.rodata)
 .rodata        0x08004664       0x18 Drivers/CMSIS/Device/ST/STM32F7xx/Source/Templates/system_stm32f7xx.o
                0x08004664                AHBPrescTable
                0x08004674                APBPrescTable
 .rodata        0x0800467c        0x8 Drivers/STM32F7xx_HAL_Driver/Src/stm32f7xx_hal_dma.o
 .rodata        0x08004684       0x11 Drivers/STM32F7xx_HAL_Driver/Src/stm32f7xx_hal_uart.o
 .rodata        0x08004695       0x46 Drivers/components/ft5336.o
 .rodata        0x080046db     0x3cdc Drivers/src/stm32746g_discovery_lcd.o
                0x080046db                Font8_Table
                0x080049d3                Font12_Table
                0x08004e47                Font16_Table
                0x08005a27                Font20_Table
                0x080068ff                Font24_Table
 .rodata        0x080083b7    0x1888e Src/main.o
                0x080083b7                FACE_DATA
 *(.rodata*)
 .rodata.str1.1
                0x08020c45       0x47 Src/main.o
                0x08020c8c                . = ALIGN (0x4)

.rel.dyn        0x08020c8c        0x0
 .rel.iplt      0x08020c8c        0x0 c:/ac6/systemworkbench/plugins/fr.ac6.mcu.externaltools.arm-none.win32_1.7.0.201602121829/tools/compiler/bin/../lib/gcc/arm-none-eabi/5.2.1/armv7e-m/fpu/fpv5-sp-d16/crtbegin.o

.ARM.extab
 *(.ARM.extab* .gnu.linkonce.armextab.*)

.ARM            0x08020c8c        0x0
                0x08020c8c                __exidx_start = .
 *(.ARM.exidx*)
                0x08020c8c                __exidx_end = .

.preinit_array  0x08020c8c        0x0
                0x08020c8c                PROVIDE (__preinit_array_start, .)
 *(.preinit_array*)
                0x08020c8c                PROVIDE (__preinit_array_end, .)

.init_array     0x08020c8c        0x4
                0x08020c8c                PROVIDE (__init_array_start, .)
 *(SORT(.init_array.*))
 *(.init_array*)
 .init_array    0x08020c8c        0x4 c:/ac6/systemworkbench/plugins/fr.ac6.mcu.externaltools.arm-none.win32_1.7.0.201602121829/tools/compiler/bin/../lib/gcc/arm-none-eabi/5.2.1/armv7e-m/fpu/fpv5-sp-d16/crtbegin.o
                0x08020c90                PROVIDE (__init_array_end, .)

.fini_array     0x08020c90        0x4
                [!provide]                PROVIDE (__fini_array_start, .)
 *(SORT(.fini_array.*))
 *(.fini_array*)
 .fini_array    0x08020c90        0x4 c:/ac6/systemworkbench/plugins/fr.ac6.mcu.externaltools.arm-none.win32_1.7.0.201602121829/tools/compiler/bin/../lib/gcc/arm-none-eabi/5.2.1/armv7e-m/fpu/fpv5-sp-d16/crtbegin.o
                [!provide]                PROVIDE (__fini_array_end, .)
                0x08020c94                _sidata = LOADADDR (.data)

.data           0x20000000       0x58 load address 0x08020c94
                0x20000000                . = ALIGN (0x4)
                0x20000000                _sdata = .
 *(.data)
 .data          0x20000000        0x4 Drivers/CMSIS/Device/ST/STM32F7xx/Source/Templates/system_stm32f7xx.o
                0x20000000                SystemCoreClock
 .data          0x20000004       0x28 Drivers/components/ft5336.o
                0x20000004                ft5336_ts_drv
 .data          0x2000002c       0x28 Drivers/src/stm32746g_discovery_lcd.o
                0x2000002c                Font24
                0x20000034                Font8
                0x2000003c                Font12
                0x20000044                Font16
                0x2000004c                Font20
 .data          0x20000054        0x2 Drivers/src/stm32746g_discovery_sdram.o
 *(.data*)
                0x20000058                . = ALIGN (0x4)
 *fill*         0x20000056        0x2 
                0x20000058                _edata = .

.jcr            0x20000058        0x0 load address 0x08020cec
 .jcr           0x20000058        0x0 c:/ac6/systemworkbench/plugins/fr.ac6.mcu.externaltools.arm-none.win32_1.7.0.201602121829/tools/compiler/bin/../lib/gcc/arm-none-eabi/5.2.1/armv7e-m/fpu/fpv5-sp-d16/crtbegin.o

.tm_clone_table
                0x20000058        0x0 load address 0x08020cec
 .tm_clone_table
                0x20000058        0x0 c:/ac6/systemworkbench/plugins/fr.ac6.mcu.externaltools.arm-none.win32_1.7.0.201602121829/tools/compiler/bin/../lib/gcc/arm-none-eabi/5.2.1/armv7e-m/fpu/fpv5-sp-d16/crtbegin.o
 .tm_clone_table
                0x20000058        0x0 c:/ac6/systemworkbench/plugins/fr.ac6.mcu.externaltools.arm-none.win32_1.7.0.201602121829/tools/compiler/bin/../lib/gcc/arm-none-eabi/5.2.1/armv7e-m/fpu/fpv5-sp-d16/crtend.o

.igot.plt       0x20000058        0x0 load address 0x08020cec
 .igot.plt      0x20000058        0x0 c:/ac6/systemworkbench/plugins/fr.ac6.mcu.externaltools.arm-none.win32_1.7.0.201602121829/tools/compiler/bin/../lib/gcc/arm-none-eabi/5.2.1/armv7e-m/fpu/fpv5-sp-d16/crtbegin.o
                0x20000058                . = ALIGN (0x4)

.bss            0x20000058      0x6e0 load address 0x08020cec
                0x20000058                _sbss = .
                0x20000058                __bss_start__ = _sbss
 *(.bss)
 .bss           0x20000058       0x1c c:/ac6/systemworkbench/plugins/fr.ac6.mcu.externaltools.arm-none.win32_1.7.0.201602121829/tools/compiler/bin/../lib/gcc/arm-none-eabi/5.2.1/armv7e-m/fpu/fpv5-sp-d16/crtbegin.o
 .bss           0x20000074        0x6 Drivers/components/ft5336.o
 *fill*         0x2000007a        0x2 
 .bss           0x2000007c       0x98 Drivers/src/stm32746g_discovery.o
 .bss           0x20000114       0xe0 Drivers/src/stm32746g_discovery_lcd.o
 .bss           0x200001f4       0xec Drivers/src/stm32746g_discovery_sdram.o
 .bss           0x200002e0       0x34 Drivers/src/stm32746g_discovery_ts.o
 .bss           0x20000314        0x8 Src/stm32f7xx_hal_msp.o
 *(.bss*)
 *(COMMON)
 COMMON         0x2000031c        0x4 Drivers/STM32F7xx_HAL_Driver/Src/stm32f7xx_hal.o
                0x2000031c                uwTick
 COMMON         0x20000320       0xa8 Drivers/src/stm32746g_discovery_lcd.o
                0x20000320                hLtdcHandler
 COMMON         0x200003c8       0x34 Drivers/src/stm32746g_discovery_sdram.o
                0x200003c8                sdramHandle
 COMMON         0x200003fc      0x33c Src/main.o
                0x200003fc                hi2c3
                0x20000448                hspi2
                0x200004ac                hi2c1
                0x200004f8                hltdc
                0x200005a0                huart1
                0x20000610                huart6
                0x20000680                hdma2d
                0x200006c0                hsdram1
                0x200006f4                hqspi
                0x20000738                . = ALIGN (0x4)
                0x20000738                _ebss = .
                0x20000738                __bss_end__ = _ebss

._user_heap_stack
                0x20000738      0x600 load address 0x08020cec
                0x20000738                . = ALIGN (0x8)
                [!provide]                PROVIDE (end, .)
                [!provide]                PROVIDE (_end, .)
                0x20000938                . = (. + _Min_Heap_Size)
 *fill*         0x20000738      0x200 
                0x20000d38                . = (. + _Min_Stack_Size)
 *fill*         0x20000938      0x400 
                0x20000d38                . = ALIGN (0x8)

/DISCARD/
 libc.a(*)
 libm.a(*)
 libgcc.a(*)

.ARM.attributes
                0x00000000       0x30
 *(.ARM.attributes)
 .ARM.attributes
                0x00000000       0x22 c:/ac6/systemworkbench/plugins/fr.ac6.mcu.externaltools.arm-none.win32_1.7.0.201602121829/tools/compiler/bin/../lib/gcc/arm-none-eabi/5.2.1/armv7e-m/fpu/fpv5-sp-d16/crti.o
 .ARM.attributes
                0x00000022       0x34 c:/ac6/systemworkbench/plugins/fr.ac6.mcu.externaltools.arm-none.win32_1.7.0.201602121829/tools/compiler/bin/../lib/gcc/arm-none-eabi/5.2.1/armv7e-m/fpu/fpv5-sp-d16/crtbegin.o
 .ARM.attributes
                0x00000056       0x21 Drivers/CMSIS/Device/ST/STM32F7xx/Source/Templates/gcc/startup_stm32f746xx.o
 .ARM.attributes
                0x00000077       0x39 Drivers/CMSIS/Device/ST/STM32F7xx/Source/Templates/system_stm32f7xx.o
 .ARM.attributes
                0x000000b0       0x39 Drivers/STM32F7xx_HAL_Driver/Src/stm32f7xx_hal.o
 .ARM.attributes
                0x000000e9       0x39 Drivers/STM32F7xx_HAL_Driver/Src/stm32f7xx_hal_cortex.o
 .ARM.attributes
                0x00000122       0x39 Drivers/STM32F7xx_HAL_Driver/Src/stm32f7xx_hal_dma.o
 .ARM.attributes
                0x0000015b       0x39 Drivers/STM32F7xx_HAL_Driver/Src/stm32f7xx_hal_dma2d.o
 .ARM.attributes
                0x00000194       0x39 Drivers/STM32F7xx_HAL_Driver/Src/stm32f7xx_hal_gpio.o
 .ARM.attributes
                0x000001cd       0x39 Drivers/STM32F7xx_HAL_Driver/Src/stm32f7xx_hal_i2c.o
 .ARM.attributes
                0x00000206       0x39 Drivers/STM32F7xx_HAL_Driver/Src/stm32f7xx_hal_i2c_ex.o
 .ARM.attributes
                0x0000023f       0x39 Drivers/STM32F7xx_HAL_Driver/Src/stm32f7xx_hal_ltdc.o
 .ARM.attributes
                0x00000278       0x39 Drivers/STM32F7xx_HAL_Driver/Src/stm32f7xx_hal_qspi.o
 .ARM.attributes
                0x000002b1       0x39 Drivers/STM32F7xx_HAL_Driver/Src/stm32f7xx_hal_rcc.o
 .ARM.attributes
                0x000002ea       0x39 Drivers/STM32F7xx_HAL_Driver/Src/stm32f7xx_hal_rcc_ex.o
 .ARM.attributes
                0x00000323       0x39 Drivers/STM32F7xx_HAL_Driver/Src/stm32f7xx_hal_sdram.o
 .ARM.attributes
                0x0000035c       0x39 Drivers/STM32F7xx_HAL_Driver/Src/stm32f7xx_hal_spi.o
 .ARM.attributes
                0x00000395       0x39 Drivers/STM32F7xx_HAL_Driver/Src/stm32f7xx_hal_uart.o
 .ARM.attributes
                0x000003ce       0x39 Drivers/STM32F7xx_HAL_Driver/Src/stm32f7xx_ll_fmc.o
 .ARM.attributes
                0x00000407       0x39 Drivers/components/ft5336.o
 .ARM.attributes
                0x00000440       0x39 Drivers/src/stm32746g_discovery.o
 .ARM.attributes
                0x00000479       0x39 Drivers/src/stm32746g_discovery_lcd.o
 .ARM.attributes
                0x000004b2       0x39 Drivers/src/stm32746g_discovery_sdram.o
 .ARM.attributes
                0x000004eb       0x39 Drivers/src/stm32746g_discovery_ts.o
 .ARM.attributes
                0x00000524       0x39 Src/main.o
 .ARM.attributes
                0x0000055d       0x39 Src/stm32f7xx_hal_msp.o
 .ARM.attributes
                0x00000596       0x39 Src/stm32f7xx_it.o
 .ARM.attributes
                0x000005cf       0x34 c:/ac6/systemworkbench/plugins/fr.ac6.mcu.externaltools.arm-none.win32_1.7.0.201602121829/tools/compiler/bin/../lib/gcc/arm-none-eabi/5.2.1/../../../../arm-none-eabi/lib/armv7e-m/fpu/fpv5-sp-d16\libc_nano.a(lib_a-init.o)
 .ARM.attributes
                0x00000603       0x34 c:/ac6/systemworkbench/plugins/fr.ac6.mcu.externaltools.arm-none.win32_1.7.0.201602121829/tools/compiler/bin/../lib/gcc/arm-none-eabi/5.2.1/armv7e-m/fpu/fpv5-sp-d16/crtend.o
 .ARM.attributes
                0x00000637       0x22 c:/ac6/systemworkbench/plugins/fr.ac6.mcu.externaltools.arm-none.win32_1.7.0.201602121829/tools/compiler/bin/../lib/gcc/arm-none-eabi/5.2.1/armv7e-m/fpu/fpv5-sp-d16/crtn.o
OUTPUT(lcdwda2.elf elf32-littlearm)

.debug_line     0x00000000    0x1336a
 .debug_line    0x00000000       0xae Drivers/CMSIS/Device/ST/STM32F7xx/Source/Templates/gcc/startup_stm32f746xx.o
 .debug_line    0x000000ae      0x8b7 Drivers/CMSIS/Device/ST/STM32F7xx/Source/Templates/system_stm32f7xx.o
 .debug_line    0x00000965      0xa0c Drivers/STM32F7xx_HAL_Driver/Src/stm32f7xx_hal.o
 .debug_line    0x00001371      0xa78 Drivers/STM32F7xx_HAL_Driver/Src/stm32f7xx_hal_cortex.o
 .debug_line    0x00001de9      0xb8a Drivers/STM32F7xx_HAL_Driver/Src/stm32f7xx_hal_dma.o
 .debug_line    0x00002973      0xf0f Drivers/STM32F7xx_HAL_Driver/Src/stm32f7xx_hal_dma2d.o
 .debug_line    0x00003882      0xa6e Drivers/STM32F7xx_HAL_Driver/Src/stm32f7xx_hal_gpio.o
 .debug_line    0x000042f0     0x1afe Drivers/STM32F7xx_HAL_Driver/Src/stm32f7xx_hal_i2c.o
 .debug_line    0x00005dee      0x90c Drivers/STM32F7xx_HAL_Driver/Src/stm32f7xx_hal_i2c_ex.o
 .debug_line    0x000066fa     0x12e2 Drivers/STM32F7xx_HAL_Driver/Src/stm32f7xx_hal_ltdc.o
 .debug_line    0x000079dc      0xed9 Drivers/STM32F7xx_HAL_Driver/Src/stm32f7xx_hal_qspi.o
 .debug_line    0x000088b5      0xc3d Drivers/STM32F7xx_HAL_Driver/Src/stm32f7xx_hal_rcc.o
 .debug_line    0x000094f2      0xca9 Drivers/STM32F7xx_HAL_Driver/Src/stm32f7xx_hal_rcc_ex.o
 .debug_line    0x0000a19b      0xb86 Drivers/STM32F7xx_HAL_Driver/Src/stm32f7xx_hal_sdram.o
 .debug_line    0x0000ad21     0x1195 Drivers/STM32F7xx_HAL_Driver/Src/stm32f7xx_hal_spi.o
 .debug_line    0x0000beb6     0x117b Drivers/STM32F7xx_HAL_Driver/Src/stm32f7xx_hal_uart.o
 .debug_line    0x0000d031      0xae9 Drivers/STM32F7xx_HAL_Driver/Src/stm32f7xx_ll_fmc.o
 .debug_line    0x0000db1a      0x433 Drivers/components/ft5336.o
 .debug_line    0x0000df4d      0xbba Drivers/src/stm32746g_discovery.o
 .debug_line    0x0000eb07     0x122c Drivers/src/stm32746g_discovery_lcd.o
 .debug_line    0x0000fd33      0xa42 Drivers/src/stm32746g_discovery_sdram.o
 .debug_line    0x00010775      0xaf0 Drivers/src/stm32746g_discovery_ts.o
 .debug_line    0x00011265      0xd47 Src/main.o
 .debug_line    0x00011fac      0xb41 Src/stm32f7xx_hal_msp.o
 .debug_line    0x00012aed      0x87d Src/stm32f7xx_it.o

.debug_info     0x00000000    0x1d119
 .debug_info    0x00000000       0xbc Drivers/CMSIS/Device/ST/STM32F7xx/Source/Templates/gcc/startup_stm32f746xx.o
 .debug_info    0x000000bc      0x6cf Drivers/CMSIS/Device/ST/STM32F7xx/Source/Templates/system_stm32f7xx.o
 .debug_info    0x0000078b      0x8e7 Drivers/STM32F7xx_HAL_Driver/Src/stm32f7xx_hal.o
 .debug_info    0x00001072     0x109c Drivers/STM32F7xx_HAL_Driver/Src/stm32f7xx_hal_cortex.o
 .debug_info    0x0000210e      0xa27 Drivers/STM32F7xx_HAL_Driver/Src/stm32f7xx_hal_dma.o
 .debug_info    0x00002b35     0x132a Drivers/STM32F7xx_HAL_Driver/Src/stm32f7xx_hal_dma2d.o
 .debug_info    0x00003e5f      0x748 Drivers/STM32F7xx_HAL_Driver/Src/stm32f7xx_hal_gpio.o
 .debug_info    0x000045a7     0x2eb7 Drivers/STM32F7xx_HAL_Driver/Src/stm32f7xx_hal_i2c.o
 .debug_info    0x0000745e      0x6a8 Drivers/STM32F7xx_HAL_Driver/Src/stm32f7xx_hal_i2c_ex.o
 .debug_info    0x00007b06     0x123f Drivers/STM32F7xx_HAL_Driver/Src/stm32f7xx_hal_ltdc.o
 .debug_info    0x00008d45     0x1639 Drivers/STM32F7xx_HAL_Driver/Src/stm32f7xx_hal_qspi.o
 .debug_info    0x0000a37e      0xcbe Drivers/STM32F7xx_HAL_Driver/Src/stm32f7xx_hal_rcc.o
 .debug_info    0x0000b03c      0xf6c Drivers/STM32F7xx_HAL_Driver/Src/stm32f7xx_hal_rcc_ex.o
 .debug_info    0x0000bfa8      0xcf7 Drivers/STM32F7xx_HAL_Driver/Src/stm32f7xx_hal_sdram.o
 .debug_info    0x0000cc9f     0x18fc Drivers/STM32F7xx_HAL_Driver/Src/stm32f7xx_hal_spi.o
 .debug_info    0x0000e59b     0x17bd Drivers/STM32F7xx_HAL_Driver/Src/stm32f7xx_hal_uart.o
 .debug_info    0x0000fd58      0xc8c Drivers/STM32F7xx_HAL_Driver/Src/stm32f7xx_ll_fmc.o
 .debug_info    0x000109e4      0x7e7 Drivers/components/ft5336.o
 .debug_info    0x000111cb     0x1f7b Drivers/src/stm32746g_discovery.o
 .debug_info    0x00013146     0x303c Drivers/src/stm32746g_discovery_lcd.o
 .debug_info    0x00016182     0x1249 Drivers/src/stm32746g_discovery_sdram.o
 .debug_info    0x000173cb      0xa26 Drivers/src/stm32746g_discovery_ts.o
 .debug_info    0x00017df1     0x2e5e Src/main.o
 .debug_info    0x0001ac4f     0x23df Src/stm32f7xx_hal_msp.o
 .debug_info    0x0001d02e       0xeb Src/stm32f7xx_it.o

.debug_abbrev   0x00000000     0x3c37
 .debug_abbrev  0x00000000       0x12 Drivers/CMSIS/Device/ST/STM32F7xx/Source/Templates/gcc/startup_stm32f746xx.o
 .debug_abbrev  0x00000012      0x120 Drivers/CMSIS/Device/ST/STM32F7xx/Source/Templates/system_stm32f7xx.o
 .debug_abbrev  0x00000132      0x1e5 Drivers/STM32F7xx_HAL_Driver/Src/stm32f7xx_hal.o
 .debug_abbrev  0x00000317      0x332 Drivers/STM32F7xx_HAL_Driver/Src/stm32f7xx_hal_cortex.o
 .debug_abbrev  0x00000649      0x2e0 Drivers/STM32F7xx_HAL_Driver/Src/stm32f7xx_hal_dma.o
 .debug_abbrev  0x00000929      0x32d Drivers/STM32F7xx_HAL_Driver/Src/stm32f7xx_hal_dma2d.o
 .debug_abbrev  0x00000c56      0x1cb Drivers/STM32F7xx_HAL_Driver/Src/stm32f7xx_hal_gpio.o
 .debug_abbrev  0x00000e21      0x343 Drivers/STM32F7xx_HAL_Driver/Src/stm32f7xx_hal_i2c.o
 .debug_abbrev  0x00001164      0x132 Drivers/STM32F7xx_HAL_Driver/Src/stm32f7xx_hal_i2c_ex.o
 .debug_abbrev  0x00001296      0x239 Drivers/STM32F7xx_HAL_Driver/Src/stm32f7xx_hal_ltdc.o
 .debug_abbrev  0x000014cf      0x318 Drivers/STM32F7xx_HAL_Driver/Src/stm32f7xx_hal_qspi.o
 .debug_abbrev  0x000017e7      0x2dd Drivers/STM32F7xx_HAL_Driver/Src/stm32f7xx_hal_rcc.o
 .debug_abbrev  0x00001ac4      0x231 Drivers/STM32F7xx_HAL_Driver/Src/stm32f7xx_hal_rcc_ex.o
 .debug_abbrev  0x00001cf5      0x239 Drivers/STM32F7xx_HAL_Driver/Src/stm32f7xx_hal_sdram.o
 .debug_abbrev  0x00001f2e      0x36a Drivers/STM32F7xx_HAL_Driver/Src/stm32f7xx_hal_spi.o
 .debug_abbrev  0x00002298      0x32c Drivers/STM32F7xx_HAL_Driver/Src/stm32f7xx_hal_uart.o
 .debug_abbrev  0x000025c4      0x183 Drivers/STM32F7xx_HAL_Driver/Src/stm32f7xx_ll_fmc.o
 .debug_abbrev  0x00002747      0x26d Drivers/components/ft5336.o
 .debug_abbrev  0x000029b4      0x3a7 Drivers/src/stm32746g_discovery.o
 .debug_abbrev  0x00002d5b      0x429 Drivers/src/stm32746g_discovery_lcd.o
 .debug_abbrev  0x00003184      0x238 Drivers/src/stm32746g_discovery_sdram.o
 .debug_abbrev  0x000033bc      0x269 Drivers/src/stm32746g_discovery_ts.o
 .debug_abbrev  0x00003625      0x2d3 Src/main.o
 .debug_abbrev  0x000038f8      0x298 Src/stm32f7xx_hal_msp.o
 .debug_abbrev  0x00003b90       0xa7 Src/stm32f7xx_it.o

.debug_aranges  0x00000000     0x1190
 .debug_aranges
                0x00000000       0x28 Drivers/CMSIS/Device/ST/STM32F7xx/Source/Templates/gcc/startup_stm32f746xx.o
 .debug_aranges
                0x00000028       0x28 Drivers/CMSIS/Device/ST/STM32F7xx/Source/Templates/system_stm32f7xx.o
 .debug_aranges
                0x00000050       0xc8 Drivers/STM32F7xx_HAL_Driver/Src/stm32f7xx_hal.o
 .debug_aranges
                0x00000118       0x98 Drivers/STM32F7xx_HAL_Driver/Src/stm32f7xx_hal_cortex.o
 .debug_aranges
                0x000001b0       0x80 Drivers/STM32F7xx_HAL_Driver/Src/stm32f7xx_hal_dma.o
 .debug_aranges
                0x00000230       0xf0 Drivers/STM32F7xx_HAL_Driver/Src/stm32f7xx_hal_dma2d.o
 .debug_aranges
                0x00000320       0x58 Drivers/STM32F7xx_HAL_Driver/Src/stm32f7xx_hal_gpio.o
 .debug_aranges
                0x00000378      0x1f8 Drivers/STM32F7xx_HAL_Driver/Src/stm32f7xx_hal_i2c.o
 .debug_aranges
                0x00000570       0x28 Drivers/STM32F7xx_HAL_Driver/Src/stm32f7xx_hal_i2c_ex.o
 .debug_aranges
                0x00000598      0x138 Drivers/STM32F7xx_HAL_Driver/Src/stm32f7xx_hal_ltdc.o
 .debug_aranges
                0x000006d0      0x108 Drivers/STM32F7xx_HAL_Driver/Src/stm32f7xx_hal_qspi.o
 .debug_aranges
                0x000007d8       0x88 Drivers/STM32F7xx_HAL_Driver/Src/stm32f7xx_hal_rcc.o
 .debug_aranges
                0x00000860       0x30 Drivers/STM32F7xx_HAL_Driver/Src/stm32f7xx_hal_rcc_ex.o
 .debug_aranges
                0x00000890       0xb0 Drivers/STM32F7xx_HAL_Driver/Src/stm32f7xx_hal_sdram.o
 .debug_aranges
                0x00000940      0x178 Drivers/STM32F7xx_HAL_Driver/Src/stm32f7xx_hal_spi.o
 .debug_aranges
                0x00000ab8      0x148 Drivers/STM32F7xx_HAL_Driver/Src/stm32f7xx_hal_uart.o
 .debug_aranges
                0x00000c00       0xc8 Drivers/STM32F7xx_HAL_Driver/Src/stm32f7xx_ll_fmc.o
 .debug_aranges
                0x00000cc8       0x70 Drivers/components/ft5336.o
 .debug_aranges
                0x00000d38       0xf0 Drivers/src/stm32746g_discovery.o
 .debug_aranges
                0x00000e28      0x1c8 Drivers/src/stm32746g_discovery_lcd.o
 .debug_aranges
                0x00000ff0       0x68 Drivers/src/stm32746g_discovery_sdram.o
 .debug_aranges
                0x00001058       0x58 Drivers/src/stm32746g_discovery_ts.o
 .debug_aranges
                0x000010b0       0x30 Src/main.o
 .debug_aranges
                0x000010e0       0x90 Src/stm32f7xx_hal_msp.o
 .debug_aranges
                0x00001170       0x20 Src/stm32f7xx_it.o

.debug_ranges   0x00000000     0x1c30
 .debug_ranges  0x00000000       0x20 Drivers/CMSIS/Device/ST/STM32F7xx/Source/Templates/gcc/startup_stm32f746xx.o
 .debug_ranges  0x00000020       0x18 Drivers/CMSIS/Device/ST/STM32F7xx/Source/Templates/system_stm32f7xx.o
 .debug_ranges  0x00000038       0xb8 Drivers/STM32F7xx_HAL_Driver/Src/stm32f7xx_hal.o
 .debug_ranges  0x000000f0      0x140 Drivers/STM32F7xx_HAL_Driver/Src/stm32f7xx_hal_cortex.o
 .debug_ranges  0x00000230       0xa0 Drivers/STM32F7xx_HAL_Driver/Src/stm32f7xx_hal_dma.o
 .debug_ranges  0x000002d0      0x1b8 Drivers/STM32F7xx_HAL_Driver/Src/stm32f7xx_hal_dma2d.o
 .debug_ranges  0x00000488       0x70 Drivers/STM32F7xx_HAL_Driver/Src/stm32f7xx_hal_gpio.o
 .debug_ranges  0x000004f8      0x250 Drivers/STM32F7xx_HAL_Driver/Src/stm32f7xx_hal_i2c.o
 .debug_ranges  0x00000748       0x18 Drivers/STM32F7xx_HAL_Driver/Src/stm32f7xx_hal_i2c_ex.o
 .debug_ranges  0x00000760      0x128 Drivers/STM32F7xx_HAL_Driver/Src/stm32f7xx_hal_ltdc.o
 .debug_ranges  0x00000888      0x128 Drivers/STM32F7xx_HAL_Driver/Src/stm32f7xx_hal_qspi.o
 .debug_ranges  0x000009b0      0x1b0 Drivers/STM32F7xx_HAL_Driver/Src/stm32f7xx_hal_rcc.o
 .debug_ranges  0x00000b60      0x320 Drivers/STM32F7xx_HAL_Driver/Src/stm32f7xx_hal_rcc_ex.o
 .debug_ranges  0x00000e80       0xa0 Drivers/STM32F7xx_HAL_Driver/Src/stm32f7xx_hal_sdram.o
 .debug_ranges  0x00000f20      0x1b0 Drivers/STM32F7xx_HAL_Driver/Src/stm32f7xx_hal_spi.o
 .debug_ranges  0x000010d0      0x138 Drivers/STM32F7xx_HAL_Driver/Src/stm32f7xx_hal_uart.o
 .debug_ranges  0x00001208       0xb8 Drivers/STM32F7xx_HAL_Driver/Src/stm32f7xx_ll_fmc.o
 .debug_ranges  0x000012c0       0x90 Drivers/components/ft5336.o
 .debug_ranges  0x00001350      0x1c8 Drivers/src/stm32746g_discovery.o
 .debug_ranges  0x00001518      0x380 Drivers/src/stm32746g_discovery_lcd.o
 .debug_ranges  0x00001898       0xa0 Drivers/src/stm32746g_discovery_sdram.o
 .debug_ranges  0x00001938       0x48 Drivers/src/stm32746g_discovery_ts.o
 .debug_ranges  0x00001980       0xe0 Src/main.o
 .debug_ranges  0x00001a60      0x1c0 Src/stm32f7xx_hal_msp.o
 .debug_ranges  0x00001c20       0x10 Src/stm32f7xx_it.o

.debug_loc      0x00000000     0xf745
 .debug_loc     0x00000000       0xec Drivers/CMSIS/Device/ST/STM32F7xx/Source/Templates/system_stm32f7xx.o
 .debug_loc     0x000000ec       0x6a Drivers/STM32F7xx_HAL_Driver/Src/stm32f7xx_hal.o
 .debug_loc     0x00000156      0x4cd Drivers/STM32F7xx_HAL_Driver/Src/stm32f7xx_hal_cortex.o
 .debug_loc     0x00000623      0x7db Drivers/STM32F7xx_HAL_Driver/Src/stm32f7xx_hal_dma.o
 .debug_loc     0x00000dfe     0x108a Drivers/STM32F7xx_HAL_Driver/Src/stm32f7xx_hal_dma2d.o
 .debug_loc     0x00001e88      0x34f Drivers/STM32F7xx_HAL_Driver/Src/stm32f7xx_hal_gpio.o
 .debug_loc     0x000021d7     0x351a Drivers/STM32F7xx_HAL_Driver/Src/stm32f7xx_hal_i2c.o
 .debug_loc     0x000056f1      0x102 Drivers/STM32F7xx_HAL_Driver/Src/stm32f7xx_hal_i2c_ex.o
 .debug_loc     0x000057f3     0x11b8 Drivers/STM32F7xx_HAL_Driver/Src/stm32f7xx_hal_ltdc.o
 .debug_loc     0x000069ab     0x117e Drivers/STM32F7xx_HAL_Driver/Src/stm32f7xx_hal_qspi.o
 .debug_loc     0x00007b29      0x49b Drivers/STM32F7xx_HAL_Driver/Src/stm32f7xx_hal_rcc.o
 .debug_loc     0x00007fc4      0x9b4 Drivers/STM32F7xx_HAL_Driver/Src/stm32f7xx_hal_rcc_ex.o
 .debug_loc     0x00008978      0x9b7 Drivers/STM32F7xx_HAL_Driver/Src/stm32f7xx_hal_sdram.o
 .debug_loc     0x0000932f     0x1404 Drivers/STM32F7xx_HAL_Driver/Src/stm32f7xx_hal_spi.o
 .debug_loc     0x0000a733     0x127b Drivers/STM32F7xx_HAL_Driver/Src/stm32f7xx_hal_uart.o
 .debug_loc     0x0000b9ae      0x7ca Drivers/STM32F7xx_HAL_Driver/Src/stm32f7xx_ll_fmc.o
 .debug_loc     0x0000c178      0x462 Drivers/components/ft5336.o
 .debug_loc     0x0000c5da      0x8b0 Drivers/src/stm32746g_discovery.o
 .debug_loc     0x0000ce8a     0x2135 Drivers/src/stm32746g_discovery_lcd.o
 .debug_loc     0x0000efbf      0x2f7 Drivers/src/stm32746g_discovery_sdram.o
 .debug_loc     0x0000f2b6      0x228 Drivers/src/stm32746g_discovery_ts.o
 .debug_loc     0x0000f4de       0x35 Src/main.o
 .debug_loc     0x0000f513      0x232 Src/stm32f7xx_hal_msp.o

.debug_macro    0x00000000    0x1af22
 .debug_macro   0x00000000      0x315 Drivers/CMSIS/Device/ST/STM32F7xx/Source/Templates/system_stm32f7xx.o
 .debug_macro   0x00000315      0x89e Drivers/CMSIS/Device/ST/STM32F7xx/Source/Templates/system_stm32f7xx.o
 .debug_macro   0x00000bb3       0x2e Drivers/CMSIS/Device/ST/STM32F7xx/Source/Templates/system_stm32f7xx.o
 .debug_macro   0x00000be1       0x3b Drivers/CMSIS/Device/ST/STM32F7xx/Source/Templates/system_stm32f7xx.o
 .debug_macro   0x00000c1c       0x22 Drivers/CMSIS/Device/ST/STM32F7xx/Source/Templates/system_stm32f7xx.o
 .debug_macro   0x00000c3e       0x44 Drivers/CMSIS/Device/ST/STM32F7xx/Source/Templates/system_stm32f7xx.o
 .debug_macro   0x00000c82       0xfd Drivers/CMSIS/Device/ST/STM32F7xx/Source/Templates/system_stm32f7xx.o
 .debug_macro   0x00000d7f       0x22 Drivers/CMSIS/Device/ST/STM32F7xx/Source/Templates/system_stm32f7xx.o
 .debug_macro   0x00000da1      0x1df Drivers/CMSIS/Device/ST/STM32F7xx/Source/Templates/system_stm32f7xx.o
 .debug_macro   0x00000f80       0x35 Drivers/CMSIS/Device/ST/STM32F7xx/Source/Templates/system_stm32f7xx.o
 .debug_macro   0x00000fb5       0x50 Drivers/CMSIS/Device/ST/STM32F7xx/Source/Templates/system_stm32f7xx.o
 .debug_macro   0x00001005     0x1114 Drivers/CMSIS/Device/ST/STM32F7xx/Source/Templates/system_stm32f7xx.o
 .debug_macro   0x00002119     0xaa96 Drivers/CMSIS/Device/ST/STM32F7xx/Source/Templates/system_stm32f7xx.o
 .debug_macro   0x0000cbaf       0x43 Drivers/CMSIS/Device/ST/STM32F7xx/Source/Templates/system_stm32f7xx.o
 .debug_macro   0x0000cbf2      0x6e0 Drivers/CMSIS/Device/ST/STM32F7xx/Source/Templates/system_stm32f7xx.o
 .debug_macro   0x0000d2d2      0x1c7 Drivers/CMSIS/Device/ST/STM32F7xx/Source/Templates/system_stm32f7xx.o
 .debug_macro   0x0000d499     0x3520 Drivers/CMSIS/Device/ST/STM32F7xx/Source/Templates/system_stm32f7xx.o
 .debug_macro   0x000109b9       0x58 Drivers/CMSIS/Device/ST/STM32F7xx/Source/Templates/system_stm32f7xx.o
 .debug_macro   0x00010a11       0x35 Drivers/CMSIS/Device/ST/STM32F7xx/Source/Templates/system_stm32f7xx.o
 .debug_macro   0x00010a46       0x9c Drivers/CMSIS/Device/ST/STM32F7xx/Source/Templates/system_stm32f7xx.o
 .debug_macro   0x00010ae2       0x16 Drivers/CMSIS/Device/ST/STM32F7xx/Source/Templates/system_stm32f7xx.o
 .debug_macro   0x00010af8       0x97 Drivers/CMSIS/Device/ST/STM32F7xx/Source/Templates/system_stm32f7xx.o
 .debug_macro   0x00010b8f      0x329 Drivers/CMSIS/Device/ST/STM32F7xx/Source/Templates/system_stm32f7xx.o
 .debug_macro   0x00010eb8       0xfd Drivers/CMSIS/Device/ST/STM32F7xx/Source/Templates/system_stm32f7xx.o
 .debug_macro   0x00010fb5       0x10 Drivers/CMSIS/Device/ST/STM32F7xx/Source/Templates/system_stm32f7xx.o
 .debug_macro   0x00010fc5       0x52 Drivers/CMSIS/Device/ST/STM32F7xx/Source/Templates/system_stm32f7xx.o
 .debug_macro   0x00011017       0x16 Drivers/CMSIS/Device/ST/STM32F7xx/Source/Templates/system_stm32f7xx.o
 .debug_macro   0x0001102d       0x43 Drivers/CMSIS/Device/ST/STM32F7xx/Source/Templates/system_stm32f7xx.o
 .debug_macro   0x00011070      0x187 Drivers/CMSIS/Device/ST/STM32F7xx/Source/Templates/system_stm32f7xx.o
 .debug_macro   0x000111f7       0x10 Drivers/CMSIS/Device/ST/STM32F7xx/Source/Templates/system_stm32f7xx.o
 .debug_macro   0x00011207       0x22 Drivers/CMSIS/Device/ST/STM32F7xx/Source/Templates/system_stm32f7xx.o
 .debug_macro   0x00011229       0x3a Drivers/CMSIS/Device/ST/STM32F7xx/Source/Templates/system_stm32f7xx.o
 .debug_macro   0x00011263       0x10 Drivers/CMSIS/Device/ST/STM32F7xx/Source/Templates/system_stm32f7xx.o
 .debug_macro   0x00011273       0x40 Drivers/CMSIS/Device/ST/STM32F7xx/Source/Templates/system_stm32f7xx.o
 .debug_macro   0x000112b3       0x65 Drivers/CMSIS/Device/ST/STM32F7xx/Source/Templates/system_stm32f7xx.o
 .debug_macro   0x00011318       0x16 Drivers/CMSIS/Device/ST/STM32F7xx/Source/Templates/system_stm32f7xx.o
 .debug_macro   0x0001132e      0x197 Drivers/CMSIS/Device/ST/STM32F7xx/Source/Templates/system_stm32f7xx.o
 .debug_macro   0x000114c5       0x50 Drivers/CMSIS/Device/ST/STM32F7xx/Source/Templates/system_stm32f7xx.o
 .debug_macro   0x00011515     0x18ad Drivers/CMSIS/Device/ST/STM32F7xx/Source/Templates/system_stm32f7xx.o
 .debug_macro   0x00012dc2      0x6a2 Drivers/CMSIS/Device/ST/STM32F7xx/Source/Templates/system_stm32f7xx.o
 .debug_macro   0x00013464      0x11e Drivers/CMSIS/Device/ST/STM32F7xx/Source/Templates/system_stm32f7xx.o
 .debug_macro   0x00013582      0x204 Drivers/CMSIS/Device/ST/STM32F7xx/Source/Templates/system_stm32f7xx.o
 .debug_macro   0x00013786       0x27 Drivers/CMSIS/Device/ST/STM32F7xx/Source/Templates/system_stm32f7xx.o
 .debug_macro   0x000137ad      0x24f Drivers/CMSIS/Device/ST/STM32F7xx/Source/Templates/system_stm32f7xx.o
 .debug_macro   0x000139fc       0x41 Drivers/CMSIS/Device/ST/STM32F7xx/Source/Templates/system_stm32f7xx.o
 .debug_macro   0x00013a3d       0x58 Drivers/CMSIS/Device/ST/STM32F7xx/Source/Templates/system_stm32f7xx.o
 .debug_macro   0x00013a95      0x23a Drivers/CMSIS/Device/ST/STM32F7xx/Source/Templates/system_stm32f7xx.o
 .debug_macro   0x00013ccf      0x20f Drivers/CMSIS/Device/ST/STM32F7xx/Source/Templates/system_stm32f7xx.o
 .debug_macro   0x00013ede      0x149 Drivers/CMSIS/Device/ST/STM32F7xx/Source/Templates/system_stm32f7xx.o
 .debug_macro   0x00014027      0x25d Drivers/CMSIS/Device/ST/STM32F7xx/Source/Templates/system_stm32f7xx.o
 .debug_macro   0x00014284       0x12 Drivers/CMSIS/Device/ST/STM32F7xx/Source/Templates/system_stm32f7xx.o
 .debug_macro   0x00014296      0x516 Drivers/CMSIS/Device/ST/STM32F7xx/Source/Templates/system_stm32f7xx.o
 .debug_macro   0x000147ac      0x209 Drivers/CMSIS/Device/ST/STM32F7xx/Source/Templates/system_stm32f7xx.o
 .debug_macro   0x000149b5       0x22 Drivers/CMSIS/Device/ST/STM32F7xx/Source/Templates/system_stm32f7xx.o
 .debug_macro   0x000149d7       0x90 Drivers/CMSIS/Device/ST/STM32F7xx/Source/Templates/system_stm32f7xx.o
 .debug_macro   0x00014a67      0x255 Drivers/CMSIS/Device/ST/STM32F7xx/Source/Templates/system_stm32f7xx.o
 .debug_macro   0x00014cbc      0x133 Drivers/CMSIS/Device/ST/STM32F7xx/Source/Templates/system_stm32f7xx.o
 .debug_macro   0x00014def      0x10c Drivers/CMSIS/Device/ST/STM32F7xx/Source/Templates/system_stm32f7xx.o
 .debug_macro   0x00014efb       0x35 Drivers/CMSIS/Device/ST/STM32F7xx/Source/Templates/system_stm32f7xx.o
 .debug_macro   0x00014f30      0x2e2 Drivers/CMSIS/Device/ST/STM32F7xx/Source/Templates/system_stm32f7xx.o
 .debug_macro   0x00015212      0x2e2 Drivers/CMSIS/Device/ST/STM32F7xx/Source/Templates/system_stm32f7xx.o
 .debug_macro   0x000154f4      0x4e8 Drivers/CMSIS/Device/ST/STM32F7xx/Source/Templates/system_stm32f7xx.o
 .debug_macro   0x000159dc       0x47 Drivers/CMSIS/Device/ST/STM32F7xx/Source/Templates/system_stm32f7xx.o
 .debug_macro   0x00015a23      0x342 Drivers/STM32F7xx_HAL_Driver/Src/stm32f7xx_hal.o
 .debug_macro   0x00015d65      0x14a Drivers/STM32F7xx_HAL_Driver/Src/stm32f7xx_hal.o
 .debug_macro   0x00015eaf      0x31e Drivers/STM32F7xx_HAL_Driver/Src/stm32f7xx_hal_cortex.o
 .debug_macro   0x000161cd      0x325 Drivers/STM32F7xx_HAL_Driver/Src/stm32f7xx_hal_dma.o
 .debug_macro   0x000164f2      0x39d Drivers/STM32F7xx_HAL_Driver/Src/stm32f7xx_hal_dma2d.o
 .debug_macro   0x0001688f      0x356 Drivers/STM32F7xx_HAL_Driver/Src/stm32f7xx_hal_gpio.o
 .debug_macro   0x00016be5      0x3e3 Drivers/STM32F7xx_HAL_Driver/Src/stm32f7xx_hal_i2c.o
 .debug_macro   0x00016fc8      0x31e Drivers/STM32F7xx_HAL_Driver/Src/stm32f7xx_hal_i2c_ex.o
 .debug_macro   0x000172e6      0x31e Drivers/STM32F7xx_HAL_Driver/Src/stm32f7xx_hal_ltdc.o
 .debug_macro   0x00017604      0x342 Drivers/STM32F7xx_HAL_Driver/Src/stm32f7xx_hal_qspi.o
 .debug_macro   0x00017946      0x342 Drivers/STM32F7xx_HAL_Driver/Src/stm32f7xx_hal_rcc.o
 .debug_macro   0x00017c88      0x32a Drivers/STM32F7xx_HAL_Driver/Src/stm32f7xx_hal_rcc_ex.o
 .debug_macro   0x00017fb2      0x31e Drivers/STM32F7xx_HAL_Driver/Src/stm32f7xx_hal_sdram.o
 .debug_macro   0x000182d0      0x324 Drivers/STM32F7xx_HAL_Driver/Src/stm32f7xx_hal_spi.o
 .debug_macro   0x000185f4      0x326 Drivers/STM32F7xx_HAL_Driver/Src/stm32f7xx_hal_uart.o
 .debug_macro   0x0001891a      0x31e Drivers/STM32F7xx_HAL_Driver/Src/stm32f7xx_ll_fmc.o
 .debug_macro   0x00018c38       0x6c Drivers/components/ft5336.o
 .debug_macro   0x00018ca4       0x10 Drivers/components/ft5336.o
 .debug_macro   0x00018cb4      0x39f Drivers/components/ft5336.o
 .debug_macro   0x00019053      0x34b Drivers/src/stm32746g_discovery.o
 .debug_macro   0x0001939e      0x264 Drivers/src/stm32746g_discovery.o
 .debug_macro   0x00019602      0x381 Drivers/src/stm32746g_discovery_lcd.o
 .debug_macro   0x00019983       0x40 Drivers/src/stm32746g_discovery_lcd.o
 .debug_macro   0x000199c3       0x9a Drivers/src/stm32746g_discovery_lcd.o
 .debug_macro   0x00019a5d      0x26a Drivers/src/stm32746g_discovery_lcd.o
 .debug_macro   0x00019cc7       0x10 Drivers/src/stm32746g_discovery_lcd.o
 .debug_macro   0x00019cd7      0x12c Drivers/src/stm32746g_discovery_lcd.o
 .debug_macro   0x00019e03      0x32d Drivers/src/stm32746g_discovery_sdram.o
 .debug_macro   0x0001a130      0x354 Drivers/src/stm32746g_discovery_ts.o
 .debug_macro   0x0001a484       0x2e Drivers/src/stm32746g_discovery_ts.o
 .debug_macro   0x0001a4b2      0x38a Src/main.o
 .debug_macro   0x0001a83c       0xa0 Src/main.o
 .debug_macro   0x0001a8dc      0x31e Src/stm32f7xx_hal_msp.o
 .debug_macro   0x0001abfa      0x328 Src/stm32f7xx_it.o

.debug_str      0x00000000    0x928c9
 .debug_str     0x00000000    0x87759 Drivers/CMSIS/Device/ST/STM32F7xx/Source/Templates/system_stm32f7xx.o
                              0x879f7 (size before relaxing)
 .debug_str     0x00087759     0x19e2 Drivers/STM32F7xx_HAL_Driver/Src/stm32f7xx_hal.o
                              0x89337 (size before relaxing)
 .debug_str     0x0008913b      0x317 Drivers/STM32F7xx_HAL_Driver/Src/stm32f7xx_hal_cortex.o
                              0x893ce (size before relaxing)
 .debug_str     0x00089452      0x533 Drivers/STM32F7xx_HAL_Driver/Src/stm32f7xx_hal_dma.o
                              0x88e12 (size before relaxing)
 .debug_str     0x00089985      0x933 Drivers/STM32F7xx_HAL_Driver/Src/stm32f7xx_hal_dma2d.o
                              0x893b3 (size before relaxing)
 .debug_str     0x0008a2b8      0x2ca Drivers/STM32F7xx_HAL_Driver/Src/stm32f7xx_hal_gpio.o
                              0x88c92 (size before relaxing)
 .debug_str     0x0008a582      0xf12 Drivers/STM32F7xx_HAL_Driver/Src/stm32f7xx_hal_i2c.o
                              0x89a91 (size before relaxing)
 .debug_str     0x0008b494       0x3b Drivers/STM32F7xx_HAL_Driver/Src/stm32f7xx_hal_i2c_ex.o
                              0x88de6 (size before relaxing)
 .debug_str     0x0008b4cf      0x681 Drivers/STM32F7xx_HAL_Driver/Src/stm32f7xx_hal_ltdc.o
                              0x88fc6 (size before relaxing)
 .debug_str     0x0008bb50      0x7b4 Drivers/STM32F7xx_HAL_Driver/Src/stm32f7xx_hal_qspi.o
                              0x89333 (size before relaxing)
 .debug_str     0x0008c304      0x378 Drivers/STM32F7xx_HAL_Driver/Src/stm32f7xx_hal_rcc.o
                              0x88e06 (size before relaxing)
 .debug_str     0x0008c67c      0x366 Drivers/STM32F7xx_HAL_Driver/Src/stm32f7xx_hal_rcc_ex.o
                              0x88d3f (size before relaxing)
 .debug_str     0x0008c9e2      0x54d Drivers/STM32F7xx_HAL_Driver/Src/stm32f7xx_hal_sdram.o
                              0x8905a (size before relaxing)
 .debug_str     0x0008cf2f      0x4eb Drivers/STM32F7xx_HAL_Driver/Src/stm32f7xx_hal_spi.o
                              0x890d3 (size before relaxing)
 .debug_str     0x0008d41a      0x73c Drivers/STM32F7xx_HAL_Driver/Src/stm32f7xx_hal_uart.o
                              0x89474 (size before relaxing)
 .debug_str     0x0008db56      0x394 Drivers/STM32F7xx_HAL_Driver/Src/stm32f7xx_ll_fmc.o
                              0x88f14 (size before relaxing)
 .debug_str     0x0008deea     0x16be Drivers/components/ft5336.o
                               0x4930 (size before relaxing)
 .debug_str     0x0008f5a8     0x162e Drivers/src/stm32746g_discovery.o
                              0x8aeb7 (size before relaxing)
 .debug_str     0x00090bd6     0x1519 Drivers/src/stm32746g_discovery_lcd.o
                              0x8baf7 (size before relaxing)
 .debug_str     0x000920ef      0x146 Drivers/src/stm32746g_discovery_sdram.o
                              0x89b24 (size before relaxing)
 .debug_str     0x00092235      0x3b6 Drivers/src/stm32746g_discovery_ts.o
                              0x8b86b (size before relaxing)
 .debug_str     0x000925eb      0x13f Src/main.o
                              0x8dc9b (size before relaxing)
 .debug_str     0x0009272a      0x167 Src/stm32f7xx_hal_msp.o
                              0x8a192 (size before relaxing)
 .debug_str     0x00092891       0x38 Src/stm32f7xx_it.o
                              0x8884b (size before relaxing)

.comment        0x00000000       0x6e
 .comment       0x00000000       0x6e Drivers/CMSIS/Device/ST/STM32F7xx/Source/Templates/system_stm32f7xx.o
                                 0x6f (size before relaxing)
 .comment       0x0000006e       0x6f Drivers/STM32F7xx_HAL_Driver/Src/stm32f7xx_hal.o
 .comment       0x0000006e       0x6f Drivers/STM32F7xx_HAL_Driver/Src/stm32f7xx_hal_cortex.o
 .comment       0x0000006e       0x6f Drivers/STM32F7xx_HAL_Driver/Src/stm32f7xx_hal_dma.o
 .comment       0x0000006e       0x6f Drivers/STM32F7xx_HAL_Driver/Src/stm32f7xx_hal_dma2d.o
 .comment       0x0000006e       0x6f Drivers/STM32F7xx_HAL_Driver/Src/stm32f7xx_hal_gpio.o
 .comment       0x0000006e       0x6f Drivers/STM32F7xx_HAL_Driver/Src/stm32f7xx_hal_i2c.o
 .comment       0x0000006e       0x6f Drivers/STM32F7xx_HAL_Driver/Src/stm32f7xx_hal_i2c_ex.o
 .comment       0x0000006e       0x6f Drivers/STM32F7xx_HAL_Driver/Src/stm32f7xx_hal_ltdc.o
 .comment       0x0000006e       0x6f Drivers/STM32F7xx_HAL_Driver/Src/stm32f7xx_hal_qspi.o
 .comment       0x0000006e       0x6f Drivers/STM32F7xx_HAL_Driver/Src/stm32f7xx_hal_rcc.o
 .comment       0x0000006e       0x6f Drivers/STM32F7xx_HAL_Driver/Src/stm32f7xx_hal_rcc_ex.o
 .comment       0x0000006e       0x6f Drivers/STM32F7xx_HAL_Driver/Src/stm32f7xx_hal_sdram.o
 .comment       0x0000006e       0x6f Drivers/STM32F7xx_HAL_Driver/Src/stm32f7xx_hal_spi.o
 .comment       0x0000006e       0x6f Drivers/STM32F7xx_HAL_Driver/Src/stm32f7xx_hal_uart.o
 .comment       0x0000006e       0x6f Drivers/STM32F7xx_HAL_Driver/Src/stm32f7xx_ll_fmc.o
 .comment       0x0000006e       0x6f Drivers/components/ft5336.o
 .comment       0x0000006e       0x6f Drivers/src/stm32746g_discovery.o
 .comment       0x0000006e       0x6f Drivers/src/stm32746g_discovery_lcd.o
 .comment       0x0000006e       0x6f Drivers/src/stm32746g_discovery_sdram.o
 .comment       0x0000006e       0x6f Drivers/src/stm32746g_discovery_ts.o
 .comment       0x0000006e       0x6f Src/main.o
 .comment       0x0000006e       0x6f Src/stm32f7xx_hal_msp.o
 .comment       0x0000006e       0x6f Src/stm32f7xx_it.o

.debug_frame    0x00000000     0x3554
 .debug_frame   0x00000000       0x30 Drivers/CMSIS/Device/ST/STM32F7xx/Source/Templates/system_stm32f7xx.o
 .debug_frame   0x00000030      0x1a4 Drivers/STM32F7xx_HAL_Driver/Src/stm32f7xx_hal.o
 .debug_frame   0x000001d4      0x130 Drivers/STM32F7xx_HAL_Driver/Src/stm32f7xx_hal_cortex.o
 .debug_frame   0x00000304      0x150 Drivers/STM32F7xx_HAL_Driver/Src/stm32f7xx_hal_dma.o
 .debug_frame   0x00000454      0x2f0 Drivers/STM32F7xx_HAL_Driver/Src/stm32f7xx_hal_dma2d.o
 .debug_frame   0x00000744       0xd4 Drivers/STM32F7xx_HAL_Driver/Src/stm32f7xx_hal_gpio.o
 .debug_frame   0x00000818      0x79c Drivers/STM32F7xx_HAL_Driver/Src/stm32f7xx_hal_i2c.o
 .debug_frame   0x00000fb4       0x40 Drivers/STM32F7xx_HAL_Driver/Src/stm32f7xx_hal_i2c_ex.o
 .debug_frame   0x00000ff4      0x3b8 Drivers/STM32F7xx_HAL_Driver/Src/stm32f7xx_hal_ltdc.o
 .debug_frame   0x000013ac      0x3ec Drivers/STM32F7xx_HAL_Driver/Src/stm32f7xx_hal_qspi.o
 .debug_frame   0x00001798      0x138 Drivers/STM32F7xx_HAL_Driver/Src/stm32f7xx_hal_rcc.o
 .debug_frame   0x000018d0       0x6c Drivers/STM32F7xx_HAL_Driver/Src/stm32f7xx_hal_rcc_ex.o
 .debug_frame   0x0000193c      0x228 Drivers/STM32F7xx_HAL_Driver/Src/stm32f7xx_hal_sdram.o
 .debug_frame   0x00001b64      0x520 Drivers/STM32F7xx_HAL_Driver/Src/stm32f7xx_hal_spi.o
 .debug_frame   0x00002084      0x41c Drivers/STM32F7xx_HAL_Driver/Src/stm32f7xx_hal_uart.o
 .debug_frame   0x000024a0      0x1ec Drivers/STM32F7xx_HAL_Driver/Src/stm32f7xx_ll_fmc.o
 .debug_frame   0x0000268c      0x128 Drivers/components/ft5336.o
 .debug_frame   0x000027b4      0x2e8 Drivers/src/stm32746g_discovery.o
 .debug_frame   0x00002a9c      0x618 Drivers/src/stm32746g_discovery_lcd.o
 .debug_frame   0x000030b4      0x124 Drivers/src/stm32746g_discovery_sdram.o
 .debug_frame   0x000031d8       0xdc Drivers/src/stm32746g_discovery_ts.o
 .debug_frame   0x000032b4       0x70 Src/main.o
 .debug_frame   0x00003324      0x1d8 Src/stm32f7xx_hal_msp.o
 .debug_frame   0x000034fc       0x2c Src/stm32f7xx_it.o
 .debug_frame   0x00003528       0x2c c:/ac6/systemworkbench/plugins/fr.ac6.mcu.externaltools.arm-none.win32_1.7.0.201602121829/tools/compiler/bin/../lib/gcc/arm-none-eabi/5.2.1/../../../../arm-none-eabi/lib/armv7e-m/fpu/fpv5-sp-d16\libc_nano.a(lib_a-init.o)
